Archive member included to satisfy reference by file (symbol)

C:/ST/STM32CubeIDE_1.19.0/STM32CubeIDE/plugins/com.st.stm32cube.ide.mcu.externaltools.gnu-tools-for-stm32.13.3.rel1.win32_1.0.0.202411081344/tools/bin/../lib/gcc/arm-none-eabi/13.3.1/../../../../arm-none-eabi/lib/thumb/v8-m.main+fp/hard\libc_nano.a(libc_a-exit.o)
                              C:/ST/STM32CubeIDE_1.19.0/STM32CubeIDE/plugins/com.st.stm32cube.ide.mcu.externaltools.gnu-tools-for-stm32.13.3.rel1.win32_1.0.0.202411081344/tools/bin/../lib/gcc/arm-none-eabi/13.3.1/../../../../arm-none-eabi/lib/thumb/v8-m.main+fp/hard/crt0.o (exit)
C:/ST/STM32CubeIDE_1.19.0/STM32CubeIDE/plugins/com.st.stm32cube.ide.mcu.externaltools.gnu-tools-for-stm32.13.3.rel1.win32_1.0.0.202411081344/tools/bin/../lib/gcc/arm-none-eabi/13.3.1/../../../../arm-none-eabi/lib/thumb/v8-m.main+fp/hard\libc_nano.a(libc_a-malloc.o)
                              ./Muddlewares/ST/STM32_USB_Host_Library/Class/MSC/Src/usbh_msc.o (malloc)
C:/ST/STM32CubeIDE_1.19.0/STM32CubeIDE/plugins/com.st.stm32cube.ide.mcu.externaltools.gnu-tools-for-stm32.13.3.rel1.win32_1.0.0.202411081344/tools/bin/../lib/gcc/arm-none-eabi/13.3.1/../../../../arm-none-eabi/lib/thumb/v8-m.main+fp/hard\libc_nano.a(libc_a-mallocr.o)
                              C:/ST/STM32CubeIDE_1.19.0/STM32CubeIDE/plugins/com.st.stm32cube.ide.mcu.externaltools.gnu-tools-for-stm32.13.3.rel1.win32_1.0.0.202411081344/tools/bin/../lib/gcc/arm-none-eabi/13.3.1/../../../../arm-none-eabi/lib/thumb/v8-m.main+fp/hard\libc_nano.a(libc_a-malloc.o) (_malloc_r)
C:/ST/STM32CubeIDE_1.19.0/STM32CubeIDE/plugins/com.st.stm32cube.ide.mcu.externaltools.gnu-tools-for-stm32.13.3.rel1.win32_1.0.0.202411081344/tools/bin/../lib/gcc/arm-none-eabi/13.3.1/../../../../arm-none-eabi/lib/thumb/v8-m.main+fp/hard\libc_nano.a(libc_a-mlock.o)
                              C:/ST/STM32CubeIDE_1.19.0/STM32CubeIDE/plugins/com.st.stm32cube.ide.mcu.externaltools.gnu-tools-for-stm32.13.3.rel1.win32_1.0.0.202411081344/tools/bin/../lib/gcc/arm-none-eabi/13.3.1/../../../../arm-none-eabi/lib/thumb/v8-m.main+fp/hard\libc_nano.a(libc_a-mallocr.o) (__malloc_lock)
C:/ST/STM32CubeIDE_1.19.0/STM32CubeIDE/plugins/com.st.stm32cube.ide.mcu.externaltools.gnu-tools-for-stm32.13.3.rel1.win32_1.0.0.202411081344/tools/bin/../lib/gcc/arm-none-eabi/13.3.1/../../../../arm-none-eabi/lib/thumb/v8-m.main+fp/hard\libc_nano.a(libc_a-findfp.o)
                              C:/ST/STM32CubeIDE_1.19.0/STM32CubeIDE/plugins/com.st.stm32cube.ide.mcu.externaltools.gnu-tools-for-stm32.13.3.rel1.win32_1.0.0.202411081344/tools/bin/../lib/gcc/arm-none-eabi/13.3.1/../../../../arm-none-eabi/lib/thumb/v8-m.main+fp/hard\libc_nano.a(libc_a-exit.o) (__stdio_exit_handler)
C:/ST/STM32CubeIDE_1.19.0/STM32CubeIDE/plugins/com.st.stm32cube.ide.mcu.externaltools.gnu-tools-for-stm32.13.3.rel1.win32_1.0.0.202411081344/tools/bin/../lib/gcc/arm-none-eabi/13.3.1/../../../../arm-none-eabi/lib/thumb/v8-m.main+fp/hard\libc_nano.a(libc_a-fwalk.o)
                              C:/ST/STM32CubeIDE_1.19.0/STM32CubeIDE/plugins/com.st.stm32cube.ide.mcu.externaltools.gnu-tools-for-stm32.13.3.rel1.win32_1.0.0.202411081344/tools/bin/../lib/gcc/arm-none-eabi/13.3.1/../../../../arm-none-eabi/lib/thumb/v8-m.main+fp/hard\libc_nano.a(libc_a-findfp.o) (_fwalk_sglue)
C:/ST/STM32CubeIDE_1.19.0/STM32CubeIDE/plugins/com.st.stm32cube.ide.mcu.externaltools.gnu-tools-for-stm32.13.3.rel1.win32_1.0.0.202411081344/tools/bin/../lib/gcc/arm-none-eabi/13.3.1/../../../../arm-none-eabi/lib/thumb/v8-m.main+fp/hard\libc_nano.a(libc_a-printf.o)
                              ./Core/Src/main.o (printf)
C:/ST/STM32CubeIDE_1.19.0/STM32CubeIDE/plugins/com.st.stm32cube.ide.mcu.externaltools.gnu-tools-for-stm32.13.3.rel1.win32_1.0.0.202411081344/tools/bin/../lib/gcc/arm-none-eabi/13.3.1/../../../../arm-none-eabi/lib/thumb/v8-m.main+fp/hard\libc_nano.a(libc_a-putchar.o)
                              ./FATFS/Target/usbh_diskio.o (putchar)
C:/ST/STM32CubeIDE_1.19.0/STM32CubeIDE/plugins/com.st.stm32cube.ide.mcu.externaltools.gnu-tools-for-stm32.13.3.rel1.win32_1.0.0.202411081344/tools/bin/../lib/gcc/arm-none-eabi/13.3.1/../../../../arm-none-eabi/lib/thumb/v8-m.main+fp/hard\libc_nano.a(libc_a-puts.o)
                              ./Core/Src/main.o (puts)
C:/ST/STM32CubeIDE_1.19.0/STM32CubeIDE/plugins/com.st.stm32cube.ide.mcu.externaltools.gnu-tools-for-stm32.13.3.rel1.win32_1.0.0.202411081344/tools/bin/../lib/gcc/arm-none-eabi/13.3.1/../../../../arm-none-eabi/lib/thumb/v8-m.main+fp/hard\libc_nano.a(libc_a-stdio.o)
                              C:/ST/STM32CubeIDE_1.19.0/STM32CubeIDE/plugins/com.st.stm32cube.ide.mcu.externaltools.gnu-tools-for-stm32.13.3.rel1.win32_1.0.0.202411081344/tools/bin/../lib/gcc/arm-none-eabi/13.3.1/../../../../arm-none-eabi/lib/thumb/v8-m.main+fp/hard\libc_nano.a(libc_a-findfp.o) (__sread)
[...]
Memory Configuration

Name             Origin             Length             Attributes
RAM              0x20000000         0x00040000         xrw
SRAM4            0x28000000         0x00004000         xrw
FLASH            0x08000000         0x00080000         xr
*default*        0x00000000         0xffffffff

Linker script and memory map

LOAD C:/ST/STM32CubeIDE_1.19.0/STM32CubeIDE/plugins/com.st.stm32cube.ide.mcu.externaltools.gnu-tools-for-stm32.13.3.rel1.win32_1.0.0.202411081344/tools/bin/../lib/gcc/arm-none-eabi/13.3.1/thumb/v8-m.main+fp/hard/crti.o
LOAD C:/ST/STM32CubeIDE_1.19.0/STM32CubeIDE/plugins/com.st.stm32cube.ide.mcu.externaltools.gnu-tools-for-stm32.13.3.rel1.win32_1.0.0.202411081344/tools/bin/../lib/gcc/arm-none-eabi/13.3.1/thumb/v8-m.main+fp/hard/crtbegin.o
LOAD C:/ST/STM32CubeIDE_1.19.0/STM32CubeIDE/plugins/com.st.stm32cube.ide.mcu.externaltools.gnu-tools-for-stm32.13.3.rel1.win32_1.0.0.202411081344/tools/bin/../lib/gcc/arm-none-eabi/13.3.1/../../../../arm-none-eabi/lib/thumb/v8-m.main+fp/hard/crt0.o
LOAD ./Core/Src/main.o
LOAD ./Core/Src/stm32u5xx_hal_msp.o
LOAD ./Core/Src/stm32u5xx_it.o
LOAD ./Core/Src/syscalls.o
LOAD ./Core/Src/sysmem.o
LOAD ./Core/Src/system_stm32u5xx.o
LOAD ./Core/Startup/startup_stm32u545retxq.o
LOAD ./Drivers/BSP/STM32U5xx_Nucleo/stm32u5xx_nucleo.o
LOAD ./Drivers/STM32U5xx_HAL_Driver/Src/stm32u5xx_hal.o
LOAD ./Drivers/STM32U5xx_HAL_Driver/Src/stm32u5xx_hal_cortex.o
LOAD ./Drivers/STM32U5xx_HAL_Driver/Src/stm32u5xx_hal_dma.o
LOAD ./Drivers/STM32U5xx_HAL_Driver/Src/stm32u5xx_hal_dma_ex.o
LOAD ./Drivers/STM32U5xx_HAL_Driver/Src/stm32u5xx_hal_exti.o
LOAD ./Drivers/STM32U5xx_HAL_Driver/Src/stm32u5xx_hal_flash.o
LOAD ./Drivers/STM32U5xx_HAL_Driver/Src/stm32u5xx_hal_flash_ex.o
LOAD ./Drivers/STM32U5xx_HAL_Driver/Src/stm32u5xx_hal_gpio.o
LOAD ./Drivers/STM32U5xx_HAL_Driver/Src/stm32u5xx_hal_gtzc.o
LOAD ./Drivers/STM32U5xx_HAL_Driver/Src/stm32u5xx_hal_hcd.o
LOAD ./Drivers/STM32U5xx_HAL_Driver/Src/stm32u5xx_hal_i2c.o
LOAD ./Drivers/STM32U5xx_HAL_Driver/Src/stm32u5xx_hal_i2c_ex.o
LOAD ./Drivers/STM32U5xx_HAL_Driver/Src/stm32u5xx_hal_icache.o
LOAD ./Drivers/STM32U5xx_HAL_Driver/Src/stm32u5xx_hal_pwr.o
LOAD ./Drivers/STM32U5xx_HAL_Driver/Src/stm32u5xx_hal_pwr_ex.o
LOAD ./Drivers/STM32U5xx_HAL_Driver/Src/stm32u5xx_hal_rcc.o
LOAD ./Drivers/STM32U5xx_HAL_Driver/Src/stm32u5xx_hal_rcc_ex.o
LOAD ./Drivers/STM32U5xx_HAL_Driver/Src/stm32u5xx_hal_uart.o
LOAD ./Drivers/STM32U5xx_HAL_Driver/Src/stm32u5xx_hal_uart_ex.o
LOAD ./Drivers/STM32U5xx_HAL_Driver/Src/stm32u5xx_hal_usart.o
LOAD ./Drivers/STM32U5xx_HAL_Driver/Src/stm32u5xx_hal_usart_ex.o
LOAD ./Drivers/STM32U5xx_HAL_Driver/Src/stm32u5xx_ll_usb.o
LOAD ./FATFS/App/fatfs.o
LOAD ./FATFS/Target/usbh_diskio.o
LOAD ./Muddlewares/ST/STM32_USB_Host_Library/Class/MSC/Src/usbh_msc.o
LOAD ./Muddlewares/ST/STM32_USB_Host_Library/Class/MSC/Src/usbh_msc_bot.o
LOAD ./Muddlewares/ST/STM32_USB_Host_Library/Class/MSC/Src/usbh_msc_scsi.o
LOAD ./Muddlewares/ST/STM32_USB_Host_Library/Core/Src/usbh_core.o
LOAD ./Muddlewares/ST/STM32_USB_Host_Library/Core/Src/usbh_ctlreq.o
LOAD ./Muddlewares/ST/STM32_USB_Host_Library/Core/Src/usbh_ioreq.o
LOAD ./Muddlewares/ST/STM32_USB_Host_Library/Core/Src/usbh_pipes.o
LOAD ./Muddlewares/Third_Party/FatFs/src/diskio.o
LOAD ./Muddlewares/Third_Party/FatFs/src/ff.o
LOAD ./Muddlewares/Third_Party/FatFs/src/ff_gen_drv.o
LOAD ./Muddlewares/Third_Party/FatFs/src/option/syscall.o
LOAD ./USB_HOST/App/usb_host.o
LOAD ./USB_HOST/Target/usbh_conf.o
LOAD ./USB_HOST/Target/usbh_platform.o
START GROUP
LOAD C:/ST/STM32CubeIDE_1.19.0/STM32CubeIDE/plugins/com.st.stm32cube.ide.mcu.externaltools.gnu-tools-for-stm32.13.3.rel1.win32_1.0.0.202411081344/tools/bin/../lib/gcc/arm-none-eabi/13.3.1/../../../../arm-none-eabi/lib/thumb/v8-m.main+fp/hard\libc_nano.a
LOAD C:/ST/STM32CubeIDE_1.19.0/STM32CubeIDE/plugins/com.st.stm32cube.ide.mcu.externaltools.gnu-tools-for-stm32.13.3.rel1.win32_1.0.0.202411081344/tools/bin/../lib/gcc/arm-none-eabi/13.3.1/../../../../arm-none-eabi/lib/thumb/v8-m.main+fp/hard\libm.a
END GROUP
START GROUP
LOAD C:/ST/STM32CubeIDE_1.19.0/STM32CubeIDE/plugins/com.st.stm32cube.ide.mcu.externaltools.gnu-tools-for-stm32.13.3.rel1.win32_1.0.0.202411081344/tools/bin/../lib/gcc/arm-none-eabi/13.3.1/thumb/v8-m.main+fp/hard\libgcc.a
LOAD C:/ST/STM32CubeIDE_1.19.0/STM32CubeIDE/plugins/com.st.stm32cube.ide.mcu.externaltools.gnu-tools-for-stm32.13.3.rel1.win32_1.0.0.202411081344/tools/bin/../lib/gcc/arm-none-eabi/13.3.1/../../../../arm-none-eabi/lib/thumb/v8-m.main+fp/hard\libc_nano.a
END GROUP
START GROUP
LOAD C:/ST/STM32CubeIDE_1.19.0/STM32CubeIDE/plugins/com.st.stm32cube.ide.mcu.externaltools.gnu-tools-for-stm32.13.3.rel1.win32_1.0.0.202411081344/tools/bin/../lib/gcc/arm-none-eabi/13.3.1/thumb/v8-m.main+fp/hard\libgcc.a
LOAD C:/ST/STM32CubeIDE_1.19.0/STM32CubeIDE/plugins/com.st.stm32cube.ide.mcu.externaltools.gnu-tools-for-stm32.13.3.rel1.win32_1.0.0.202411081344/tools/bin/../lib/gcc/arm-none-eabi/13.3.1/../../../../arm-none-eabi/lib/thumb/v8-m.main+fp/hard\libc_nano.a
LOAD C:/ST/STM32CubeIDE_1.19.0/STM32CubeIDE/plugins/com.st.stm32cube.ide.mcu.externaltools.gnu-tools-for-stm32.13.3.rel1.win32_1.0.0.202411081344/tools/bin/../lib/gcc/arm-none-eabi/13.3.1/../../../../arm-none-eabi/lib/thumb/v8-m.main+fp/hard\libnosys.a
END GROUP
START GROUP
LOAD C:/ST/STM32CubeIDE_1.19.0/STM32CubeIDE/plugins/com.st.stm32cube.ide.mcu.externaltools.gnu-tools-for-stm32.13.3.rel1.win32_1.0.0.202411081344/tools/bin/../lib/gcc/arm-none-eabi/13.3.1/thumb/v8-m.main+fp/hard\libgcc.a
LOAD C:/ST/STM32CubeIDE_1.19.0/STM32CubeIDE/plugins/com.st.stm32cube.ide.mcu.externaltools.gnu-tools-for-stm32.13.3.rel1.win32_1.0.0.202411081344/tools/bin/../lib/gcc/arm-none-eabi/13.3.1/../../../../arm-none-eabi/lib/thumb/v8-m.main+fp/hard\libc_nano.a
LOAD C:/ST/STM32CubeIDE_1.19.0/STM32CubeIDE/plugins/com.st.stm32cube.ide.mcu.externaltools.gnu-tools-for-stm32.13.3.rel1.win32_1.0.0.202411081344/tools/bin/../lib/gcc/arm-none-eabi/13.3.1/../../../../arm-none-eabi/lib/thumb/v8-m.main+fp/hard\libnosys.a
END GROUP
LOAD C:/ST/STM32CubeIDE_1.19.0/STM32CubeIDE/plugins/com.st.stm32cube.ide.mcu.externaltools.gnu-tools-for-stm32.13.3.rel1.win32_1.0.0.202411081344/tools/bin/../lib/gcc/arm-none-eabi/13.3.1/thumb/v8-m.main+fp/hard/crtend.o
LOAD C:/ST/STM32CubeIDE_1.19.0/STM32CubeIDE/plugins/com.st.stm32cube.ide.mcu.externaltools.gnu-tools-for-stm32.13.3.rel1.win32_1.0.0.202411081344/tools/bin/../lib/gcc/arm-none-eabi/13.3.1/thumb/v8-m.main+fp/hard/crtn.o
                0x20040000                        _estack = (ORIGIN (RAM) + LENGTH (RAM))
                0x00000800                        _Min_Heap_Size = 0x800
                0x00000800                        _Min_Stack_Size = 0x800

.isr_vector     0x08000000      0x238
 *(.isr_vector)
 .isr_vector    0x08000000      0x238 ./Core/Startup/startup_stm32u545retxq.o
                0x08000000                g_pfnVectors

.text           0x08000238    0x126a4
 *(.text)
 .text          0x08000238       0x40 C:/ST/STM32CubeIDE_1.19.0/STM32CubeIDE/plugins/com.st.stm32cube.ide.mcu.externaltools.gnu-tools-for-stm32.13.3.rel1.win32_1.0.0.202411081344/tools/bin/../lib/gcc/arm-none-eabi/13.3.1/thumb/v8-m.main+fp/hard/crtbegin.o
 .text          0x08000278      0x254 C:/ST/STM32CubeIDE_1.19.0/STM32CubeIDE/plugins/com.st.stm32cube.ide.mcu.externaltools.gnu-tools-for-stm32.13.3.rel1.win32_1.0.0.202411081344/tools/bin/../lib/gcc/arm-none-eabi/13.3.1/thumb/v8-m.main+fp/hard\libgcc.a(_arm_muldf3.o)
                0x08000278                __muldf3
                0x08000278                __aeabi_dmul
 .text          0x080004cc      0x378 C:/ST/STM32CubeIDE_1.19.0/STM32CubeIDE/plugins/com.st.stm32cube.ide.mcu.externaltools.gnu-tools-for-stm32.13.3.rel1.win32_1.0.0.202411081344/tools/bin/../lib/gcc/arm-none-eabi/13.3.1/thumb/v8-m.main+fp/hard\libgcc.a(_arm_addsubdf3.o)
                0x080004cc                __aeabi_drsub
                0x080004d4                __aeabi_dsub
                0x080004d4                __subdf3
                0x080004d8                __aeabi_dadd
                0x080004d8                __adddf3
                0x08000750                __floatunsidf
                0x08000750                __aeabi_ui2d
                0x08000770                __floatsidf
                0x08000770                __aeabi_i2d
                0x08000794                __aeabi_f2d
                0x08000794                __extendsfdf2
                0x080007d8                __floatundidf
                0x080007d8                __aeabi_ul2d
                0x080007e8                __floatdidf
                0x080007e8                __aeabi_l2d
 .text          0x08000844       0x40 C:/ST/STM32CubeIDE_1.19.0/STM32CubeIDE/plugins/com.st.stm32cube.ide.mcu.externaltools.gnu-tools-for-stm32.13.3.rel1.win32_1.0.0.202411081344/tools/bin/../lib/gcc/arm-none-eabi/13.3.1/thumb/v8-m.main+fp/hard\libgcc.a(_arm_fixunsdfsi.o)
                0x08000844                __aeabi_d2uiz
                0x08000844                __fixunsdfsi
 .text          0x08000884       0x30 C:/ST/STM32CubeIDE_1.19.0/STM32CubeIDE/plugins/com.st.stm32cube.ide.mcu.externaltools.gnu-tools-for-stm32.13.3.rel1.win32_1.0.0.202411081344/tools/bin/../lib/gcc/arm-none-eabi/13.3.1/thumb/v8-m.main+fp/hard\libgcc.a(_aeabi_uldivmod.o)
                0x08000884                __aeabi_uldivmod
 .text          0x080008b4      0x348 C:/ST/STM32CubeIDE_1.19.0/STM32CubeIDE/plugins/com.st.stm32cube.ide.mcu.externaltools.gnu-tools-for-stm32.13.3.rel1.win32_1.0.0.202411081344/tools/bin/../lib/gcc/arm-none-eabi/13.3.1/thumb/v8-m.main+fp/hard\libgcc.a(_udivmoddi4.o)
                0x080008b4                __udivmoddi4
 .text          0x08000bfc        0x4 C:/ST/STM32CubeIDE_1.19.0/STM32CubeIDE/plugins/com.st.stm32cube.ide.mcu.externaltools.gnu-tools-for-stm32.13.3.rel1.win32_1.0.0.202411081344/tools/bin/../lib/gcc/arm-none-eabi/13.3.1/thumb/v8-m.main+fp/hard\libgcc.a(_dvmd_tls.o)
                0x08000bfc                __aeabi_idiv0
                0x08000bfc                __aeabi_ldiv0
 *(.text*)
 .text.main     0x08000c00       0x74 ./Core/Src/main.o
                0x08000c00                main
 .text.SystemClock_Config
                0x08000c74       0x98 ./Core/Src/main.o
                0x08000c74                SystemClock_Config
 .text.SystemPower_Config
                0x08000d0c       0x18 ./Core/Src/main.o
 .text.MX_ICACHE_Init
                0x08000d24       0x26 ./Core/Src/main.o
 *fill*         0x08000d4a        0x2 
 .text.MX_USB_DRD_FS_HCD_Init
                0x08000d4c       0x5c ./Core/Src/main.o
 .text.MX_GPIO_Init
                0x08000da8       0x34 ./Core/Src/main.o
 .text.ETX_MSC_ProcessUsbDevice
                0x08000ddc      0x2a4 ./Core/Src/main.o
 .text.MyUSBUserFnc
                0x08001080       0x44 ./Core/Src/main.o
                0x08001080                MyUSBUserFnc
 .text.Error_Handler
                0x080010c4        0xc ./Core/Src/main.o
                0x080010c4                Error_Handler
 .text.HAL_MspInit
                0x080010d0       0x34 ./Core/Src/stm32u5xx_hal_msp.o
                0x080010d0                HAL_MspInit
 .text.HAL_HCD_MspInit
                0x08001104       0xcc ./Core/Src/stm32u5xx_hal_msp.o
                0x08001104                HAL_HCD_MspInit
 .text.NMI_Handler
                0x080011d0        0x8 ./Core/Src/stm32u5xx_it.o
                0x080011d0                NMI_Handler
 .text.HardFault_Handler
                0x080011d8        0x8 ./Core/Src/stm32u5xx_it.o
                0x080011d8                HardFault_Handler
 .text.MemManage_Handler
                0x080011e0        0x8 ./Core/Src/stm32u5xx_it.o
                0x080011e0                MemManage_Handler
 .text.BusFault_Handler
                0x080011e8        0x8 ./Core/Src/stm32u5xx_it.o
                0x080011e8                BusFault_Handler
 .text.UsageFault_Handler
                0x080011f0        0x8 ./Core/Src/stm32u5xx_it.o
                0x080011f0                UsageFault_Handler
 .text.SVC_Handler
                0x080011f8        0xe ./Core/Src/stm32u5xx_it.o
                0x080011f8                SVC_Handler
 .text.DebugMon_Handler
                0x08001206        0xe ./Core/Src/stm32u5xx_it.o
                0x08001206                DebugMon_Handler
 .text.PendSV_Handler
                0x08001214        0xe ./Core/Src/stm32u5xx_it.o
                0x08001214                PendSV_Handler
 .text.SysTick_Handler
                0x08001222        0xc ./Core/Src/stm32u5xx_it.o
                0x08001222                SysTick_Handler
 .text.EXTI13_IRQHandler
                0x0800122e        0xe ./Core/Src/stm32u5xx_it.o
                0x0800122e                EXTI13_IRQHandler
 .text.USB_IRQHandler
                0x0800123c       0x14 ./Core/Src/stm32u5xx_it.o
                0x0800123c                USB_IRQHandler
 .text._read    0x08001250       0x3a ./Core/Src/syscalls.o
                0x08001250                _read
 .text._write   0x0800128a       0x38 ./Core/Src/syscalls.o
                0x0800128a                _write
 .text._close   0x080012c2       0x18 ./Core/Src/syscalls.o
                0x080012c2                _close
 .text._fstat   0x080012da       0x20 ./Core/Src/syscalls.o
                0x080012da                _fstat
 .text._isatty  0x080012fa       0x16 ./Core/Src/syscalls.o
                0x080012fa                _isatty
 .text._lseek   0x08001310       0x1a ./Core/Src/syscalls.o
                0x08001310                _lseek
 *fill*         0x0800132a        0x2 
 .text._sbrk    0x0800132c       0x6c ./Core/Src/sysmem.o
                0x0800132c                _sbrk
 .text.SystemInit
                0x08001398       0x70 ./Core/Src/system_stm32u5xx.o
                0x08001398                SystemInit
 .text.Reset_Handler
                0x08001408       0x50 ./Core/Startup/startup_stm32u545retxq.o
                0x08001408                Reset_Handler
 .text.Default_Handler
                0x08001458        0x2 ./Core/Startup/startup_stm32u545retxq.o
                0x08001458                EXTI2_IRQHandler
                0x08001458                TIM8_TRG_COM_IRQHandler
                0x08001458                TIM8_CC_IRQHandler
                0x08001458                EXTI5_IRQHandler
                0x08001458                FLASH_S_IRQHandler
                0x08001458                TIM1_CC_IRQHandler
                0x08001458                TSC_IRQHandler
                0x08001458                TAMP_IRQHandler
                0x08001458                TIM6_IRQHandler
                0x08001458                EXTI12_IRQHandler
                0x08001458                CORDIC_IRQHandler
                0x08001458                EXTI3_IRQHandler
                0x08001458                LPTIM4_IRQHandler
                0x08001458                GPDMA1_Channel5_IRQHandler
                0x08001458                EXTI8_IRQHandler
                0x08001458                LPTIM2_IRQHandler
                0x08001458                I2C3_ER_IRQHandler
                0x08001458                PWR_S3WU_IRQHandler
                0x08001458                LPDMA1_Channel3_IRQHandler
                0x08001458                LPTIM3_IRQHandler
                0x08001458                EXTI0_IRQHandler
                0x08001458                I2C2_EV_IRQHandler
                0x08001458                FPU_IRQHandler
                0x08001458                GPDMA1_Channel3_IRQHandler
                0x08001458                GPDMA1_Channel7_IRQHandler
                0x08001458                FDCAN1_IT1_IRQHandler
                0x08001458                RAMCFG_IRQHandler
                0x08001458                GPDMA1_Channel9_IRQHandler
                0x08001458                DCACHE1_IRQHandler
                0x08001458                SPI1_IRQHandler
                0x08001458                OCTOSPI1_IRQHandler
                0x08001458                GPDMA1_Channel2_IRQHandler
                0x08001458                TIM8_UP_IRQHandler
                0x08001458                RCC_S_IRQHandler
                0x08001458                MDF1_FLT1_IRQHandler
                0x08001458                ADC1_IRQHandler
                0x08001458                PKA_IRQHandler
                0x08001458                EXTI15_IRQHandler
                0x08001458                TIM17_IRQHandler
                0x08001458                USART3_IRQHandler
                0x08001458                RTC_IRQHandler
                0x08001458                EXTI9_IRQHandler
                0x08001458                UART5_IRQHandler
                0x08001458                TIM4_IRQHandler
                0x08001458                I2C1_EV_IRQHandler
                0x08001458                GPDMA1_Channel12_IRQHandler
                0x08001458                GPDMA1_Channel1_IRQHandler
                0x08001458                TIM16_IRQHandler
                0x08001458                GPDMA1_Channel15_IRQHandler
                0x08001458                UART4_IRQHandler
                0x08001458                SecureFault_Handler
                0x08001458                TIM3_IRQHandler
                0x08001458                RCC_IRQHandler
                0x08001458                TIM1_TRG_COM_IRQHandler
                0x08001458                Default_Handler
                0x08001458                GPDMA1_Channel8_IRQHandler
                0x08001458                FMAC_IRQHandler
                0x08001458                OTFDEC1_IRQHandler
                0x08001458                GPDMA1_Channel11_IRQHandler
                0x08001458                TIM7_IRQHandler
                0x08001458                SDMMC1_IRQHandler
                0x08001458                SAES_IRQHandler
                0x08001458                TIM5_IRQHandler
                0x08001458                GPDMA1_Channel0_IRQHandler
                0x08001458                TIM15_IRQHandler
                0x08001458                I2C3_EV_IRQHandler
                0x08001458                LPDMA1_Channel0_IRQHandler
                0x08001458                PVD_PVM_IRQHandler
                0x08001458                SPI2_IRQHandler
                0x08001458                LPDMA1_Channel1_IRQHandler
                0x08001458                EXTI14_IRQHandler
                0x08001458                EXTI11_IRQHandler
                0x08001458                CRS_IRQHandler
                0x08001458                GPDMA1_Channel14_IRQHandler
                0x08001458                LSECSSD_IRQHandler
                0x08001458                EXTI4_IRQHandler
                0x08001458                RTC_S_IRQHandler
                0x08001458                GPDMA1_Channel13_IRQHandler
                0x08001458                RNG_IRQHandler
                0x08001458                COMP_IRQHandler
                0x08001458                TIM1_UP_IRQHandler
                0x08001458                ADC4_IRQHandler
                0x08001458                WWDG_IRQHandler
                0x08001458                I2C4_EV_IRQHandler
                0x08001458                ADF1_IRQHandler
                0x08001458                IWDG_IRQHandler
                0x08001458                LPUART1_IRQHandler
                0x08001458                MDF1_FLT0_IRQHandler
                0x08001458                FDCAN1_IT0_IRQHandler
                0x08001458                TIM2_IRQHandler
                0x08001458                GPDMA1_Channel4_IRQHandler
                0x08001458                EXTI7_IRQHandler
                0x08001458                TIM1_BRK_IRQHandler
                0x08001458                EXTI1_IRQHandler
                0x08001458                AES_IRQHandler
                0x08001458                DAC1_IRQHandler
                0x08001458                GTZC_IRQHandler
                0x08001458                GPDMA1_Channel6_IRQHandler
                0x08001458                I2C2_ER_IRQHandler
                0x08001458                TIM8_BRK_IRQHandler
                0x08001458                FLASH_IRQHandler
                0x08001458                USART1_IRQHandler
                0x08001458                EXTI10_IRQHandler
                0x08001458                SPI3_IRQHandler
                0x08001458                LPDMA1_Channel2_IRQHandler
                0x08001458                I2C1_ER_IRQHandler
                0x08001458                EXTI6_IRQHandler
                0x08001458                LPTIM1_IRQHandler
                0x08001458                DCMI_PSSI_IRQHandler
                0x08001458                I2C4_ER_IRQHandler
                0x08001458                GPDMA1_Channel10_IRQHandler
                0x08001458                ICACHE_IRQHandler
                0x08001458                SAI1_IRQHandler
                0x08001458                HASH_IRQHandler
 *fill*         0x0800145a        0x2 
 .text.BSP_LED_Init
                0x0800145c       0x78 ./Drivers/BSP/STM32U5xx_Nucleo/stm32u5xx_nucleo.o
                0x0800145c                BSP_LED_Init
 .text.BSP_PB_Init
                0x080014d4       0xf0 ./Drivers/BSP/STM32U5xx_Nucleo/stm32u5xx_nucleo.o
                0x080014d4                BSP_PB_Init
 .text.BSP_PB_IRQHandler
                0x080015c4       0x2c ./Drivers/BSP/STM32U5xx_Nucleo/stm32u5xx_nucleo.o
                0x080015c4                BSP_PB_IRQHandler
 .text.BSP_PB_Callback
                0x080015f0       0x16 ./Drivers/BSP/STM32U5xx_Nucleo/stm32u5xx_nucleo.o
                0x080015f0                BSP_PB_Callback
 *fill*         0x08001606        0x2 
 .text.BSP_COM_Init
                0x08001608       0x60 ./Drivers/BSP/STM32U5xx_Nucleo/stm32u5xx_nucleo.o
                0x08001608                BSP_COM_Init
 .text.MX_USART1_Init
                0x08001668       0x68 ./Drivers/BSP/STM32U5xx_Nucleo/stm32u5xx_nucleo.o
                0x08001668                MX_USART1_Init
 .text.__io_putchar
                0x080016d0       0x38 ./Drivers/BSP/STM32U5xx_Nucleo/stm32u5xx_nucleo.o
                0x080016d0                __io_putchar
 .text.BUTTON_USER_EXTI_Callback
                0x08001708        0xe ./Drivers/BSP/STM32U5xx_Nucleo/stm32u5xx_nucleo.o
 *fill*         0x08001716        0x2 
 .text.COM1_MspInit
                0x08001718       0xb0 ./Drivers/BSP/STM32U5xx_Nucleo/stm32u5xx_nucleo.o
 .text.HAL_Init
                0x080017c8       0x60 ./Drivers/STM32U5xx_HAL_Driver/Src/stm32u5xx_hal.o
                0x080017c8                HAL_Init
 .text.HAL_InitTick
                0x08001828       0xec ./Drivers/STM32U5xx_HAL_Driver/Src/stm32u5xx_hal.o
                0x08001828                HAL_InitTick
 .text.HAL_IncTick
                0x08001914       0x28 ./Drivers/STM32U5xx_HAL_Driver/Src/stm32u5xx_hal.o
                0x08001914                HAL_IncTick
 .text.HAL_GetTick
                0x0800193c       0x18 ./Drivers/STM32U5xx_HAL_Driver/Src/stm32u5xx_hal.o
                0x0800193c                HAL_GetTick
 .text.HAL_Delay
                0x08001954       0x48 ./Drivers/STM32U5xx_HAL_Driver/Src/stm32u5xx_hal.o
                0x08001954                HAL_Delay
 .text.__NVIC_SetPriorityGrouping
                0x0800199c       0x48 ./Drivers/STM32U5xx_HAL_Driver/Src/stm32u5xx_hal_cortex.o
 .text.__NVIC_GetPriorityGrouping
                0x080019e4       0x1c ./Drivers/STM32U5xx_HAL_Driver/Src/stm32u5xx_hal_cortex.o
 .text.__NVIC_EnableIRQ
                0x08001a00       0x3c ./Drivers/STM32U5xx_HAL_Driver/Src/stm32u5xx_hal_cortex.o
 .text.__NVIC_SetPriority
                0x08001a3c       0x54 ./Drivers/STM32U5xx_HAL_Driver/Src/stm32u5xx_hal_cortex.o
 .text.NVIC_EncodePriority
                0x08001a90       0x66 ./Drivers/STM32U5xx_HAL_Driver/Src/stm32u5xx_hal_cortex.o
 .text.HAL_NVIC_SetPriorityGrouping
                0x08001af6       0x16 ./Drivers/STM32U5xx_HAL_Driver/Src/stm32u5xx_hal_cortex.o
                0x08001af6                HAL_NVIC_SetPriorityGrouping
 .text.HAL_NVIC_SetPriority
                0x08001b0c       0x34 ./Drivers/STM32U5xx_HAL_Driver/Src/stm32u5xx_hal_cortex.o
                0x08001b0c                HAL_NVIC_SetPriority
 .text.HAL_NVIC_EnableIRQ
                0x08001b40       0x1c ./Drivers/STM32U5xx_HAL_Driver/Src/stm32u5xx_hal_cortex.o
                0x08001b40                HAL_NVIC_EnableIRQ
 .text.HAL_SYSTICK_Config
                0x08001b5c       0x44 ./Drivers/STM32U5xx_HAL_Driver/Src/stm32u5xx_hal_cortex.o
                0x08001b5c                HAL_SYSTICK_Config
 .text.HAL_SYSTICK_CLKSourceConfig
                0x08001ba0       0xb0 ./Drivers/STM32U5xx_HAL_Driver/Src/stm32u5xx_hal_cortex.o
                0x08001ba0                HAL_SYSTICK_CLKSourceConfig
 .text.HAL_SYSTICK_GetCLKSourceConfig
                0x08001c50       0x74 ./Drivers/STM32U5xx_HAL_Driver/Src/stm32u5xx_hal_cortex.o
                0x08001c50                HAL_SYSTICK_GetCLKSourceConfig
 .text.HAL_EXTI_RegisterCallback
                0x08001cc4       0x58 ./Drivers/STM32U5xx_HAL_Driver/Src/stm32u5xx_hal_exti.o
                0x08001cc4                HAL_EXTI_RegisterCallback
 .text.HAL_EXTI_GetHandle
                0x08001d1c       0x28 ./Drivers/STM32U5xx_HAL_Driver/Src/stm32u5xx_hal_exti.o
                0x08001d1c                HAL_EXTI_GetHandle
 .text.HAL_EXTI_IRQHandler
                0x08001d44       0x90 ./Drivers/STM32U5xx_HAL_Driver/Src/stm32u5xx_hal_exti.o
                0x08001d44                HAL_EXTI_IRQHandler
 .text.HAL_GPIO_Init
                0x08001dd4      0x3c0 ./Drivers/STM32U5xx_HAL_Driver/Src/stm32u5xx_hal_gpio.o
                0x08001dd4                HAL_GPIO_Init
 .text.HAL_GPIO_WritePin
                0x08002194       0x30 ./Drivers/STM32U5xx_HAL_Driver/Src/stm32u5xx_hal_gpio.o
                0x08002194                HAL_GPIO_WritePin
 .text.HCD_GET_CH_RX_CNT
                0x080021c4       0xa0 ./Drivers/STM32U5xx_HAL_Driver/Src/stm32u5xx_hal_hcd.o
 .text.HCD_GET_CH_DBUF0_CNT
                0x08002264       0x42 ./Drivers/STM32U5xx_HAL_Driver/Src/stm32u5xx_hal_hcd.o
 .text.HCD_GET_CH_DBUF1_CNT
                0x080022a6       0x42 ./Drivers/STM32U5xx_HAL_Driver/Src/stm32u5xx_hal_hcd.o
 .text.HAL_HCD_Init
                0x080022e8       0xa0 ./Drivers/STM32U5xx_HAL_Driver/Src/stm32u5xx_hal_hcd.o
                0x080022e8                HAL_HCD_Init
 .text.HAL_HCD_HC_Init
                0x08002388      0x71c ./Drivers/STM32U5xx_HAL_Driver/Src/stm32u5xx_hal_hcd.o
                0x08002388                HAL_HCD_HC_Init
 .text.HAL_HCD_HC_Halt
                0x08002aa4       0x94 ./Drivers/STM32U5xx_HAL_Driver/Src/stm32u5xx_hal_hcd.o
                0x08002aa4                HAL_HCD_HC_Halt
 .text.HAL_HCD_SuspendCallback
                0x08002b38       0x14 ./Drivers/STM32U5xx_HAL_Driver/Src/stm32u5xx_hal_hcd.o
                0x08002b38                HAL_HCD_SuspendCallback
 .text.HAL_HCD_ResumeCallback
                0x08002b4c       0x14 ./Drivers/STM32U5xx_HAL_Driver/Src/stm32u5xx_hal_hcd.o
                0x08002b4c                HAL_HCD_ResumeCallback
 .text.HAL_HCD_HC_SubmitRequest
                0x08002b60      0x30c ./Drivers/STM32U5xx_HAL_Driver/Src/stm32u5xx_hal_hcd.o
                0x08002b60                HAL_HCD_HC_SubmitRequest
 .text.HAL_HCD_IRQHandler
                0x08002e6c      0x182 ./Drivers/STM32U5xx_HAL_Driver/Src/stm32u5xx_hal_hcd.o
                0x08002e6c                HAL_HCD_IRQHandler
 .text.HAL_HCD_Start
                0x08002fee       0x68 ./Drivers/STM32U5xx_HAL_Driver/Src/stm32u5xx_hal_hcd.o
                0x08002fee                HAL_HCD_Start
 .text.HAL_HCD_Stop
                0x08003056       0x4e ./Drivers/STM32U5xx_HAL_Driver/Src/stm32u5xx_hal_hcd.o
                0x08003056                HAL_HCD_Stop
 .text.HAL_HCD_ResetPort
                0x080030a4       0x4c ./Drivers/STM32U5xx_HAL_Driver/Src/stm32u5xx_hal_hcd.o
                0x080030a4                HAL_HCD_ResetPort
 .text.HAL_HCD_HC_GetURBState
                0x080030f0       0x2a ./Drivers/STM32U5xx_HAL_Driver/Src/stm32u5xx_hal_hcd.o
                0x080030f0                HAL_HCD_HC_GetURBState
 .text.HAL_HCD_HC_GetXferCount
                0x0800311a       0x2a ./Drivers/STM32U5xx_HAL_Driver/Src/stm32u5xx_hal_hcd.o
                0x0800311a                HAL_HCD_HC_GetXferCount
 .text.HAL_HCD_GetCurrentFrame
                0x08003144       0x1c ./Drivers/STM32U5xx_HAL_Driver/Src/stm32u5xx_hal_hcd.o
                0x08003144                HAL_HCD_GetCurrentFrame
 .text.HAL_HCD_GetCurrentSpeed
                0x08003160       0x1c ./Drivers/STM32U5xx_HAL_Driver/Src/stm32u5xx_hal_hcd.o
                0x08003160                HAL_HCD_GetCurrentSpeed
 .text.HCD_HC_OUT_BulkDb
                0x0800317c      0x82c ./Drivers/STM32U5xx_HAL_Driver/Src/stm32u5xx_hal_hcd.o
 .text.HCD_HC_IN_BulkDb
                0x080039a8      0x39c ./Drivers/STM32U5xx_HAL_Driver/Src/stm32u5xx_hal_hcd.o
 .text.HCD_HC_IN_ISO
                0x08003d44      0x288 ./Drivers/STM32U5xx_HAL_Driver/Src/stm32u5xx_hal_hcd.o
 .text.HCD_HC_IN_IRQHandler
                0x08003fcc      0x620 ./Drivers/STM32U5xx_HAL_Driver/Src/stm32u5xx_hal_hcd.o
 .text.HCD_HC_OUT_IRQHandler
                0x080045ec      0x6ec ./Drivers/STM32U5xx_HAL_Driver/Src/stm32u5xx_hal_hcd.o
 .text.HCD_Port_IRQHandler
                0x08004cd8       0xba ./Drivers/STM32U5xx_HAL_Driver/Src/stm32u5xx_hal_hcd.o
 .text.HAL_HCD_Check_usedChannel
                0x08004d92       0xa0 ./Drivers/STM32U5xx_HAL_Driver/Src/stm32u5xx_hal_hcd.o
 .text.HAL_HCD_GetLogical_Channel
                0x08004e32       0x98 ./Drivers/STM32U5xx_HAL_Driver/Src/stm32u5xx_hal_hcd.o
 .text.HAL_HCD_Get_FreePhyChannel
                0x08004eca      0x2c8 ./Drivers/STM32U5xx_HAL_Driver/Src/stm32u5xx_hal_hcd.o
 .text.HAL_HCD_ClearPhyChannel
                0x08005192       0x48 ./Drivers/STM32U5xx_HAL_Driver/Src/stm32u5xx_hal_hcd.o
 .text.HAL_HCD_GetFreePMA
                0x080051da      0x1b4 ./Drivers/STM32U5xx_HAL_Driver/Src/stm32u5xx_hal_hcd.o
 .text.HAL_HCD_PMAlloc
                0x0800538e      0x174 ./Drivers/STM32U5xx_HAL_Driver/Src/stm32u5xx_hal_hcd.o
                0x0800538e                HAL_HCD_PMAlloc
 .text.HAL_HCD_PMAReset
                0x08005502       0x60 ./Drivers/STM32U5xx_HAL_Driver/Src/stm32u5xx_hal_hcd.o
                0x08005502                HAL_HCD_PMAReset
 .text.HAL_HCD_PMAFree
                0x08005562      0x106 ./Drivers/STM32U5xx_HAL_Driver/Src/stm32u5xx_hal_hcd.o
 .text.HAL_ICACHE_ConfigAssociativityMode
                0x08005668       0x40 ./Drivers/STM32U5xx_HAL_Driver/Src/stm32u5xx_hal_icache.o
                0x08005668                HAL_ICACHE_ConfigAssociativityMode
 .text.HAL_ICACHE_Enable
                0x080056a8       0x20 ./Drivers/STM32U5xx_HAL_Driver/Src/stm32u5xx_hal_icache.o
                0x080056a8                HAL_ICACHE_Enable
 .text.HAL_PWREx_ControlVoltageScaling
                0x080056c8       0xfc ./Drivers/STM32U5xx_HAL_Driver/Src/stm32u5xx_hal_pwr_ex.o
                0x080056c8                HAL_PWREx_ControlVoltageScaling
 .text.HAL_PWREx_GetVoltageRange
                0x080057c4       0x1c ./Drivers/STM32U5xx_HAL_Driver/Src/stm32u5xx_hal_pwr_ex.o
                0x080057c4                HAL_PWREx_GetVoltageRange
 .text.HAL_PWREx_ConfigSupply
                0x080057e0       0xa0 ./Drivers/STM32U5xx_HAL_Driver/Src/stm32u5xx_hal_pwr_ex.o
                0x080057e0                HAL_PWREx_ConfigSupply
 .text.HAL_PWREx_EnableVddUSB
                0x08005880       0x20 ./Drivers/STM32U5xx_HAL_Driver/Src/stm32u5xx_hal_pwr_ex.o
                0x08005880                HAL_PWREx_EnableVddUSB
 .text.HAL_RCC_OscConfig
                0x080058a0      0xdb8 ./Drivers/STM32U5xx_HAL_Driver/Src/stm32u5xx_hal_rcc.o
                0x080058a0                HAL_RCC_OscConfig
 .text.HAL_RCC_ClockConfig
                0x08006658      0x3e4 ./Drivers/STM32U5xx_HAL_Driver/Src/stm32u5xx_hal_rcc.o
                0x08006658                HAL_RCC_ClockConfig
 .text.HAL_RCC_GetSysClockFreq
                0x08006a3c      0x204 ./Drivers/STM32U5xx_HAL_Driver/Src/stm32u5xx_hal_rcc.o
                0x08006a3c                HAL_RCC_GetSysClockFreq
 .text.HAL_RCC_GetHCLKFreq
                0x08006c40       0x34 ./Drivers/STM32U5xx_HAL_Driver/Src/stm32u5xx_hal_rcc.o
                0x08006c40                HAL_RCC_GetHCLKFreq
 .text.HAL_RCC_GetPCLK1Freq
                0x08006c74       0x28 ./Drivers/STM32U5xx_HAL_Driver/Src/stm32u5xx_hal_rcc.o
                0x08006c74                HAL_RCC_GetPCLK1Freq
 .text.HAL_RCC_GetPCLK2Freq
                0x08006c9c       0x28 ./Drivers/STM32U5xx_HAL_Driver/Src/stm32u5xx_hal_rcc.o
                0x08006c9c                HAL_RCC_GetPCLK2Freq
 .text.HAL_RCC_GetPCLK3Freq
                0x08006cc4       0x28 ./Drivers/STM32U5xx_HAL_Driver/Src/stm32u5xx_hal_rcc.o
                0x08006cc4                HAL_RCC_GetPCLK3Freq
 .text.RCC_SetFlashLatencyFromMSIRange
                0x08006cec      0x10c ./Drivers/STM32U5xx_HAL_Driver/Src/stm32u5xx_hal_rcc.o
 .text.HAL_RCCEx_PeriphCLKConfig
                0x08006df8      0xa7c ./Drivers/STM32U5xx_HAL_Driver/Src/stm32u5xx_hal_rcc_ex.o
                0x08006df8                HAL_RCCEx_PeriphCLKConfig
 .text.HAL_RCCEx_GetPLL1ClockFreq
                0x08007874      0x2b4 ./Drivers/STM32U5xx_HAL_Driver/Src/stm32u5xx_hal_rcc_ex.o
                0x08007874                HAL_RCCEx_GetPLL1ClockFreq
 .text.HAL_RCCEx_GetPLL2ClockFreq
                0x08007b28      0x2b4 ./Drivers/STM32U5xx_HAL_Driver/Src/stm32u5xx_hal_rcc_ex.o
                0x08007b28                HAL_RCCEx_GetPLL2ClockFreq
 .text.HAL_RCCEx_GetPLL3ClockFreq
                0x08007ddc      0x2b4 ./Drivers/STM32U5xx_HAL_Driver/Src/stm32u5xx_hal_rcc_ex.o
                0x08007ddc                HAL_RCCEx_GetPLL3ClockFreq
 .text.HAL_RCCEx_GetPeriphCLKFreq
                0x08008090     0x1284 ./Drivers/STM32U5xx_HAL_Driver/Src/stm32u5xx_hal_rcc_ex.o
                0x08008090                HAL_RCCEx_GetPeriphCLKFreq
 .text.RCCEx_PLL2_Config
                0x08009314      0x130 ./Drivers/STM32U5xx_HAL_Driver/Src/stm32u5xx_hal_rcc_ex.o
 .text.RCCEx_PLL3_Config
                0x08009444      0x130 ./Drivers/STM32U5xx_HAL_Driver/Src/stm32u5xx_hal_rcc_ex.o
 .text.HAL_UART_Init
                0x08009574       0xa0 ./Drivers/STM32U5xx_HAL_Driver/Src/stm32u5xx_hal_uart.o
                0x08009574                HAL_UART_Init
 .text.HAL_UART_MspInit
                0x08009614       0x14 ./Drivers/STM32U5xx_HAL_Driver/Src/stm32u5xx_hal_uart.o
                0x08009614                HAL_UART_MspInit
 .text.HAL_UART_Transmit
                0x08009628      0x11c ./Drivers/STM32U5xx_HAL_Driver/Src/stm32u5xx_hal_uart.o
                0x08009628                HAL_UART_Transmit
 .text.UART_SetConfig
                0x08009744      0x330 ./Drivers/STM32U5xx_HAL_Driver/Src/stm32u5xx_hal_uart.o
                0x08009744                UART_SetConfig
 .text.UART_AdvFeatureConfig
                0x08009a74      0x144 ./Drivers/STM32U5xx_HAL_Driver/Src/stm32u5xx_hal_uart.o
                0x08009a74                UART_AdvFeatureConfig
 .text.UART_CheckIdleState
                0x08009bb8      0x154 ./Drivers/STM32U5xx_HAL_Driver/Src/stm32u5xx_hal_uart.o
                0x08009bb8                UART_CheckIdleState
 .text.UART_WaitOnFlagUntilTimeout
                0x08009d0c       0xda ./Drivers/STM32U5xx_HAL_Driver/Src/stm32u5xx_hal_uart.o
                0x08009d0c                UART_WaitOnFlagUntilTimeout
 .text.UART_EndRxTransfer
                0x08009de6       0xcc ./Drivers/STM32U5xx_HAL_Driver/Src/stm32u5xx_hal_uart.o
 .text.USB_CoreReset
                0x08009eb2       0x2e ./Drivers/STM32U5xx_HAL_Driver/Src/stm32u5xx_ll_usb.o
 .text.USB_CoreInit
                0x08009ee0       0x3c ./Drivers/STM32U5xx_HAL_Driver/Src/stm32u5xx_ll_usb.o
                0x08009ee0                USB_CoreInit
 .text.USB_DisableGlobalInt
                0x08009f1c       0x2a ./Drivers/STM32U5xx_HAL_Driver/Src/stm32u5xx_ll_usb.o
                0x08009f1c                USB_DisableGlobalInt
 .text.USB_SetCurrentMode
                0x08009f46       0x46 ./Drivers/STM32U5xx_HAL_Driver/Src/stm32u5xx_ll_usb.o
                0x08009f46                USB_SetCurrentMode
 .text.USB_ReadInterrupts
                0x08009f8c       0x1c ./Drivers/STM32U5xx_HAL_Driver/Src/stm32u5xx_ll_usb.o
                0x08009f8c                USB_ReadInterrupts
 .text.USB_WritePMA
                0x08009fa8       0xc2 ./Drivers/STM32U5xx_HAL_Driver/Src/stm32u5xx_ll_usb.o
                0x08009fa8                USB_WritePMA
 .text.USB_ReadPMA
                0x0800a06a       0xbc ./Drivers/STM32U5xx_HAL_Driver/Src/stm32u5xx_ll_usb.o
                0x0800a06a                USB_ReadPMA
 .text.USB_HostInit
                0x0800a126       0x5a ./Drivers/STM32U5xx_HAL_Driver/Src/stm32u5xx_ll_usb.o
                0x0800a126                USB_HostInit
 .text.USB_ResetPort
                0x0800a180       0x36 ./Drivers/STM32U5xx_HAL_Driver/Src/stm32u5xx_ll_usb.o
                0x0800a180                USB_ResetPort
 .text.USB_GetHostSpeed
                0x0800a1b6       0x26 ./Drivers/STM32U5xx_HAL_Driver/Src/stm32u5xx_ll_usb.o
                0x0800a1b6                USB_GetHostSpeed
 .text.USB_GetCurrentFrame
                0x0800a1dc       0x1c ./Drivers/STM32U5xx_HAL_Driver/Src/stm32u5xx_ll_usb.o
                0x0800a1dc                USB_GetCurrentFrame
 .text.USB_HC_Init
                0x0800a1f8       0xd0 ./Drivers/STM32U5xx_HAL_Driver/Src/stm32u5xx_ll_usb.o
                0x0800a1f8                USB_HC_Init
 .text.USB_HC_DoubleBuffer
                0x0800a2c8       0x64 ./Drivers/STM32U5xx_HAL_Driver/Src/stm32u5xx_ll_usb.o
                0x0800a2c8                USB_HC_DoubleBuffer
 .text.USB_HC_StartXfer
                0x0800a32c      0x754 ./Drivers/STM32U5xx_HAL_Driver/Src/stm32u5xx_ll_usb.o
                0x0800a32c                USB_HC_StartXfer
 .text.USB_HC_ISO_DB_StartXfer
                0x0800aa80       0xd4 ./Drivers/STM32U5xx_HAL_Driver/Src/stm32u5xx_ll_usb.o
 .text.USB_HC_BULK_DB_StartXfer
                0x0800ab54      0x26a ./Drivers/STM32U5xx_HAL_Driver/Src/stm32u5xx_ll_usb.o
 *fill*         0x0800adbe        0x2 
 .text.USB_HC_IN_Halt
                0x0800adc0       0x44 ./Drivers/STM32U5xx_HAL_Driver/Src/stm32u5xx_ll_usb.o
                0x0800adc0                USB_HC_IN_Halt
 .text.USB_HC_OUT_Halt
                0x0800ae04       0x44 ./Drivers/STM32U5xx_HAL_Driver/Src/stm32u5xx_ll_usb.o
                0x0800ae04                USB_HC_OUT_Halt
 .text.USB_StopHost
                0x0800ae48       0x3e ./Drivers/STM32U5xx_HAL_Driver/Src/stm32u5xx_ll_usb.o
                0x0800ae48                USB_StopHost
 *fill*         0x0800ae86        0x2 
 .text.MX_FATFS_Init
                0x0800ae88       0x24 ./FATFS/App/fatfs.o
                0x0800ae88                MX_FATFS_Init
 .text.get_fattime
                0x0800aeac       0x10 ./FATFS/App/fatfs.o
                0x0800aeac                get_fattime
 .text.USBH_initialize
                0x0800aebc       0x18 ./FATFS/Target/usbh_diskio.o
                0x0800aebc                USBH_initialize
 .text.USBH_status
                0x0800aed4       0x38 ./FATFS/Target/usbh_diskio.o
                0x0800aed4                USBH_status
 .text.USBH_read
                0x0800af0c       0x90 ./FATFS/Target/usbh_diskio.o
                0x0800af0c                USBH_read
 .text.USBH_write
                0x0800af9c       0xb4 ./FATFS/Target/usbh_diskio.o
                0x0800af9c                USBH_write
 .text.USBH_ioctl
                0x0800b050       0xd8 ./FATFS/Target/usbh_diskio.o
                0x0800b050                USBH_ioctl
 .text.USBH_MSC_InterfaceInit
                0x0800b128      0x280 ./Muddlewares/ST/STM32_USB_Host_Library/Class/MSC/Src/usbh_msc.o
 .text.USBH_MSC_InterfaceDeInit
                0x0800b3a8       0x8c ./Muddlewares/ST/STM32_USB_Host_Library/Class/MSC/Src/usbh_msc.o
 .text.USBH_MSC_ClassRequest
                0x0800b434       0xe4 ./Muddlewares/ST/STM32_USB_Host_Library/Class/MSC/Src/usbh_msc.o
 .text.USBH_MSC_Process
                0x0800b518      0x790 ./Muddlewares/ST/STM32_USB_Host_Library/Class/MSC/Src/usbh_msc.o
 .text.USBH_MSC_SOFProcess
                0x0800bca8       0x16 ./Muddlewares/ST/STM32_USB_Host_Library/Class/MSC/Src/usbh_msc.o
 *fill*         0x0800bcbe        0x2 
 .text.USBH_MSC_RdWrProcess
                0x0800bcc0      0x21c ./Muddlewares/ST/STM32_USB_Host_Library/Class/MSC/Src/usbh_msc.o
 .text.USBH_MSC_UnitIsReady
                0x0800bedc       0x56 ./Muddlewares/ST/STM32_USB_Host_Library/Class/MSC/Src/usbh_msc.o
                0x0800bedc                USBH_MSC_UnitIsReady
 .text.USBH_MSC_GetLUNInfo
                0x0800bf32       0x52 ./Muddlewares/ST/STM32_USB_Host_Library/Class/MSC/Src/usbh_msc.o
                0x0800bf32                USBH_MSC_GetLUNInfo
 .text.USBH_MSC_Read
                0x0800bf84       0xc0 ./Muddlewares/ST/STM32_USB_Host_Library/Class/MSC/Src/usbh_msc.o
                0x0800bf84                USBH_MSC_Read
 .text.USBH_MSC_Write
                0x0800c044       0xc0 ./Muddlewares/ST/STM32_USB_Host_Library/Class/MSC/Src/usbh_msc.o
                0x0800c044                USBH_MSC_Write
 .text.USBH_MSC_BOT_REQ_Reset
                0x0800c104       0x3a ./Muddlewares/ST/STM32_USB_Host_Library/Class/MSC/Src/usbh_msc_bot.o
                0x0800c104                USBH_MSC_BOT_REQ_Reset
 .text.USBH_MSC_BOT_REQ_GetMaxLUN
                0x0800c13e       0x3c ./Muddlewares/ST/STM32_USB_Host_Library/Class/MSC/Src/usbh_msc_bot.o
                0x0800c13e                USBH_MSC_BOT_REQ_GetMaxLUN
 *fill*         0x0800c17a        0x2 
 .text.USBH_MSC_BOT_Init
                0x0800c17c       0x44 ./Muddlewares/ST/STM32_USB_Host_Library/Class/MSC/Src/usbh_msc_bot.o
                0x0800c17c                USBH_MSC_BOT_Init
 .text.USBH_MSC_BOT_Process
                0x0800c1c0      0x39c ./Muddlewares/ST/STM32_USB_Host_Library/Class/MSC/Src/usbh_msc_bot.o
                0x0800c1c0                USBH_MSC_BOT_Process
 .text.USBH_MSC_BOT_Abort
                0x0800c55c       0x58 ./Muddlewares/ST/STM32_USB_Host_Library/Class/MSC/Src/usbh_msc_bot.o
 .text.USBH_MSC_DecodeCSW
                0x0800c5b4       0x88 ./Muddlewares/ST/STM32_USB_Host_Library/Class/MSC/Src/usbh_msc_bot.o
 .text.USBH_MSC_SCSI_TestUnitReady
                0x0800c63c       0x86 ./Muddlewares/ST/STM32_USB_Host_Library/Class/MSC/Src/usbh_msc_scsi.o
                0x0800c63c                USBH_MSC_SCSI_TestUnitReady
 .text.USBH_MSC_SCSI_ReadCapacity
                0x0800c6c2       0xf4 ./Muddlewares/ST/STM32_USB_Host_Library/Class/MSC/Src/usbh_msc_scsi.o
                0x0800c6c2                USBH_MSC_SCSI_ReadCapacity
 .text.USBH_MSC_SCSI_Inquiry
                0x0800c7b6      0x14a ./Muddlewares/ST/STM32_USB_Host_Library/Class/MSC/Src/usbh_msc_scsi.o
                0x0800c7b6                USBH_MSC_SCSI_Inquiry
 .text.USBH_MSC_SCSI_RequestSense
                0x0800c900      0x110 ./Muddlewares/ST/STM32_USB_Host_Library/Class/MSC/Src/usbh_msc_scsi.o
                0x0800c900                USBH_MSC_SCSI_RequestSense
 .text.USBH_MSC_SCSI_Write
                0x0800ca10       0xe0 ./Muddlewares/ST/STM32_USB_Host_Library/Class/MSC/Src/usbh_msc_scsi.o
                0x0800ca10                USBH_MSC_SCSI_Write
 .text.USBH_MSC_SCSI_Read
                0x0800caf0       0xe0 ./Muddlewares/ST/STM32_USB_Host_Library/Class/MSC/Src/usbh_msc_scsi.o
                0x0800caf0                USBH_MSC_SCSI_Read
 .text.USBH_Init
                0x0800cbd0       0x90 ./Muddlewares/ST/STM32_USB_Host_Library/Core/Src/usbh_core.o
                0x0800cbd0                USBH_Init
 .text.DeInitStateMachine
                0x0800cc60       0xe2 ./Muddlewares/ST/STM32_USB_Host_Library/Core/Src/usbh_core.o
 *fill*         0x0800cd42        0x2 
 .text.USBH_RegisterClass
                0x0800cd44       0x80 ./Muddlewares/ST/STM32_USB_Host_Library/Core/Src/usbh_core.o
                0x0800cd44                USBH_RegisterClass
 .text.USBH_SelectInterface
                0x0800cdc4       0xd0 ./Muddlewares/ST/STM32_USB_Host_Library/Core/Src/usbh_core.o
                0x0800cdc4                USBH_SelectInterface
 .text.USBH_FindInterface
                0x0800ce94       0x8c ./Muddlewares/ST/STM32_USB_Host_Library/Core/Src/usbh_core.o
                0x0800ce94                USBH_FindInterface
 .text.USBH_Start
                0x0800cf20       0x20 ./Muddlewares/ST/STM32_USB_Host_Library/Core/Src/usbh_core.o
                0x0800cf20                USBH_Start
 .text.USBH_Process
                0x0800cf40      0x4e4 ./Muddlewares/ST/STM32_USB_Host_Library/Core/Src/usbh_core.o
                0x0800cf40                USBH_Process
 .text.USBH_HandleEnum
                0x0800d424      0x554 ./Muddlewares/ST/STM32_USB_Host_Library/Core/Src/usbh_core.o
 .text.USBH_LL_SetTimer
                0x0800d978       0x1e ./Muddlewares/ST/STM32_USB_Host_Library/Core/Src/usbh_core.o
                0x0800d978                USBH_LL_SetTimer
 .text.USBH_LL_IncTimer
                0x0800d996       0x24 ./Muddlewares/ST/STM32_USB_Host_Library/Core/Src/usbh_core.o
                0x0800d996                USBH_LL_IncTimer
 .text.USBH_HandleSof
                0x0800d9ba       0x30 ./Muddlewares/ST/STM32_USB_Host_Library/Core/Src/usbh_core.o
 .text.USBH_LL_PortEnabled
                0x0800d9ea       0x1c ./Muddlewares/ST/STM32_USB_Host_Library/Core/Src/usbh_core.o
                0x0800d9ea                USBH_LL_PortEnabled
 .text.USBH_LL_Connect
                0x0800da06       0x2e ./Muddlewares/ST/STM32_USB_Host_Library/Core/Src/usbh_core.o
                0x0800da06                USBH_LL_Connect
 .text.USBH_LL_Disconnect
                0x0800da34       0x48 ./Muddlewares/ST/STM32_USB_Host_Library/Core/Src/usbh_core.o
                0x0800da34                USBH_LL_Disconnect
 .text.USBH_Get_DevDesc
                0x0800da7c       0x74 ./Muddlewares/ST/STM32_USB_Host_Library/Core/Src/usbh_ctlreq.o
                0x0800da7c                USBH_Get_DevDesc
 .text.USBH_Get_CfgDesc
                0x0800daf0       0x70 ./Muddlewares/ST/STM32_USB_Host_Library/Core/Src/usbh_ctlreq.o
                0x0800daf0                USBH_Get_CfgDesc
 .text.USBH_Get_StringDesc
                0x0800db60       0x84 ./Muddlewares/ST/STM32_USB_Host_Library/Core/Src/usbh_ctlreq.o
                0x0800db60                USBH_Get_StringDesc
 .text.USBH_GetDescriptor
                0x0800dbe4       0x6a ./Muddlewares/ST/STM32_USB_Host_Library/Core/Src/usbh_ctlreq.o
                0x0800dbe4                USBH_GetDescriptor
 .text.USBH_SetAddress
                0x0800dc4e       0x48 ./Muddlewares/ST/STM32_USB_Host_Library/Core/Src/usbh_ctlreq.o
                0x0800dc4e                USBH_SetAddress
 .text.USBH_SetCfg
                0x0800dc96       0x46 ./Muddlewares/ST/STM32_USB_Host_Library/Core/Src/usbh_ctlreq.o
                0x0800dc96                USBH_SetCfg
 .text.USBH_SetFeature
                0x0800dcdc       0x48 ./Muddlewares/ST/STM32_USB_Host_Library/Core/Src/usbh_ctlreq.o
                0x0800dcdc                USBH_SetFeature
 .text.USBH_ClrFeature
                0x0800dd24       0x48 ./Muddlewares/ST/STM32_USB_Host_Library/Core/Src/usbh_ctlreq.o
                0x0800dd24                USBH_ClrFeature
 .text.USBH_ParseDevDesc
                0x0800dd6c      0x160 ./Muddlewares/ST/STM32_USB_Host_Library/Core/Src/usbh_ctlreq.o
 .text.USBH_ParseCfgDesc
                0x0800decc      0x1f8 ./Muddlewares/ST/STM32_USB_Host_Library/Core/Src/usbh_ctlreq.o
 .text.USBH_ParseInterfaceDesc
                0x0800e0c4       0x5e ./Muddlewares/ST/STM32_USB_Host_Library/Core/Src/usbh_ctlreq.o
 .text.USBH_ParseEPDesc
                0x0800e122      0x1d0 ./Muddlewares/ST/STM32_USB_Host_Library/Core/Src/usbh_ctlreq.o
 .text.USBH_ParseStringDesc
                0x0800e2f2       0x66 ./Muddlewares/ST/STM32_USB_Host_Library/Core/Src/usbh_ctlreq.o
 .text.USBH_GetNextDesc
                0x0800e358       0x34 ./Muddlewares/ST/STM32_USB_Host_Library/Core/Src/usbh_ctlreq.o
                0x0800e358                USBH_GetNextDesc
 .text.USBH_CtlReq
                0x0800e38c       0x7a ./Muddlewares/ST/STM32_USB_Host_Library/Core/Src/usbh_ctlreq.o
                0x0800e38c                USBH_CtlReq
 *fill*         0x0800e406        0x2 
 .text.USBH_HandleControl
                0x0800e408      0x304 ./Muddlewares/ST/STM32_USB_Host_Library/Core/Src/usbh_ctlreq.o
 .text.USBH_CtlSendSetup
                0x0800e70c       0x34 ./Muddlewares/ST/STM32_USB_Host_Library/Core/Src/usbh_ioreq.o
                0x0800e70c                USBH_CtlSendSetup
 .text.USBH_CtlSendData
                0x0800e740       0x4a ./Muddlewares/ST/STM32_USB_Host_Library/Core/Src/usbh_ioreq.o
                0x0800e740                USBH_CtlSendData
 .text.USBH_CtlReceiveData
                0x0800e78a       0x3c ./Muddlewares/ST/STM32_USB_Host_Library/Core/Src/usbh_ioreq.o
                0x0800e78a                USBH_CtlReceiveData
 .text.USBH_BulkSendData
                0x0800e7c6       0x4a ./Muddlewares/ST/STM32_USB_Host_Library/Core/Src/usbh_ioreq.o
                0x0800e7c6                USBH_BulkSendData
 .text.USBH_BulkReceiveData
                0x0800e810       0x3c ./Muddlewares/ST/STM32_USB_Host_Library/Core/Src/usbh_ioreq.o
                0x0800e810                USBH_BulkReceiveData
 .text.USBH_OpenPipe
                0x0800e84c       0x3e ./Muddlewares/ST/STM32_USB_Host_Library/Core/Src/usbh_pipes.o
                0x0800e84c                USBH_OpenPipe
 .text.USBH_ClosePipe
                0x0800e88a       0x20 ./Muddlewares/ST/STM32_USB_Host_Library/Core/Src/usbh_pipes.o
                0x0800e88a                USBH_ClosePipe
 .text.USBH_AllocPipe
                0x0800e8aa       0x42 ./Muddlewares/ST/STM32_USB_Host_Library/Core/Src/usbh_pipes.o
                0x0800e8aa                USBH_AllocPipe
 .text.USBH_FreePipe
                0x0800e8ec       0x3c ./Muddlewares/ST/STM32_USB_Host_Library/Core/Src/usbh_pipes.o
                0x0800e8ec                USBH_FreePipe
 .text.USBH_GetFreePipe
                0x0800e928       0x48 ./Muddlewares/ST/STM32_USB_Host_Library/Core/Src/usbh_pipes.o
 .text.disk_status
                0x0800e970       0x34 ./Muddlewares/Third_Party/FatFs/src/diskio.o
                0x0800e970                disk_status
 .text.disk_initialize
                0x0800e9a4       0x50 ./Muddlewares/Third_Party/FatFs/src/diskio.o
                0x0800e9a4                disk_initialize
 .text.disk_read
                0x0800e9f4       0x40 ./Muddlewares/Third_Party/FatFs/src/diskio.o
                0x0800e9f4                disk_read
 .text.disk_write
                0x0800ea34       0x40 ./Muddlewares/Third_Party/FatFs/src/diskio.o
                0x0800ea34                disk_write
 .text.disk_ioctl
                0x0800ea74       0x3c ./Muddlewares/Third_Party/FatFs/src/diskio.o
                0x0800ea74                disk_ioctl
 .text.ld_word  0x0800eab0       0x32 ./Muddlewares/Third_Party/FatFs/src/ff.o
 .text.ld_dword
                0x0800eae2       0x46 ./Muddlewares/Third_Party/FatFs/src/ff.o
 .text.st_word  0x0800eb28       0x36 ./Muddlewares/Third_Party/FatFs/src/ff.o
 .text.st_dword
                0x0800eb5e       0x58 ./Muddlewares/Third_Party/FatFs/src/ff.o
 .text.mem_cpy  0x0800ebb6       0x42 ./Muddlewares/Third_Party/FatFs/src/ff.o
 .text.mem_set  0x0800ebf8       0x36 ./Muddlewares/Third_Party/FatFs/src/ff.o
 .text.mem_cmp  0x0800ec2e       0x4e ./Muddlewares/Third_Party/FatFs/src/ff.o
 .text.chk_chr  0x0800ec7c       0x36 ./Muddlewares/Third_Party/FatFs/src/ff.o
 *fill*         0x0800ecb2        0x2 
 .text.chk_lock
                0x0800ecb4       0xb8 ./Muddlewares/Third_Party/FatFs/src/ff.o
 .text.enq_lock
                0x0800ed6c       0x44 ./Muddlewares/Third_Party/FatFs/src/ff.o
 .text.inc_lock
                0x0800edb0      0x11c ./Muddlewares/Third_Party/FatFs/src/ff.o
 .text.dec_lock
                0x0800eecc       0x78 ./Muddlewares/Third_Party/FatFs/src/ff.o
 .text.clear_lock
                0x0800ef44       0x48 ./Muddlewares/Third_Party/FatFs/src/ff.o
 .text.sync_window
                0x0800ef8c       0x88 ./Muddlewares/Third_Party/FatFs/src/ff.o
 .text.move_window
                0x0800f014       0x5a ./Muddlewares/Third_Party/FatFs/src/ff.o
 *fill*         0x0800f06e        0x2 
 .text.sync_fs  0x0800f070       0xe0 ./Muddlewares/Third_Party/FatFs/src/ff.o
 .text.clust2sect
                0x0800f150       0x3e ./Muddlewares/Third_Party/FatFs/src/ff.o
 .text.get_fat  0x0800f18e      0x1a6 ./Muddlewares/Third_Party/FatFs/src/ff.o
 .text.put_fat  0x0800f334      0x234 ./Muddlewares/Third_Party/FatFs/src/ff.o
 .text.remove_chain
                0x0800f568       0xca ./Muddlewares/Third_Party/FatFs/src/ff.o
 .text.create_chain
                0x0800f632      0x130 ./Muddlewares/Third_Party/FatFs/src/ff.o
 .text.clmt_clust
                0x0800f762       0x70 ./Muddlewares/Third_Party/FatFs/src/ff.o
 .text.dir_sdi  0x0800f7d2      0x112 ./Muddlewares/Third_Party/FatFs/src/ff.o
 .text.dir_next
                0x0800f8e4      0x1ac ./Muddlewares/Third_Party/FatFs/src/ff.o
 .text.dir_alloc
                0x0800fa90       0x8e ./Muddlewares/Third_Party/FatFs/src/ff.o
 .text.ld_clust
                0x0800fb1e       0x3e ./Muddlewares/Third_Party/FatFs/src/ff.o
 .text.st_clust
                0x0800fb5c       0x40 ./Muddlewares/Third_Party/FatFs/src/ff.o
 .text.dir_find
                0x0800fb9c       0xaa ./Muddlewares/Third_Party/FatFs/src/ff.o
 .text.dir_register
                0x0800fc46       0x64 ./Muddlewares/Third_Party/FatFs/src/ff.o
 *fill*         0x0800fcaa        0x2 
 .text.create_name
                0x0800fcac      0x128 ./Muddlewares/Third_Party/FatFs/src/ff.o
 .text.follow_path
                0x0800fdd4       0xec ./Muddlewares/Third_Party/FatFs/src/ff.o
 .text.get_ldnumber
                0x0800fec0       0x88 ./Muddlewares/Third_Party/FatFs/src/ff.o
 .text.check_fs
                0x0800ff48       0xac ./Muddlewares/Third_Party/FatFs/src/ff.o
 .text.find_volume
                0x0800fff4      0x500 ./Muddlewares/Third_Party/FatFs/src/ff.o
 .text.validate
                0x080104f4       0x6a ./Muddlewares/Third_Party/FatFs/src/ff.o
 *fill*         0x0801055e        0x2 
 .text.f_mount  0x08010560       0x8c ./Muddlewares/Third_Party/FatFs/src/ff.o
                0x08010560                f_mount
 .text.f_open   0x080105ec      0x390 ./Muddlewares/Third_Party/FatFs/src/ff.o
                0x080105ec                f_open
 .text.f_read   0x0801097c      0x2be ./Muddlewares/Third_Party/FatFs/src/ff.o
                0x0801097c                f_read
 .text.f_write  0x08010c3a      0x328 ./Muddlewares/Third_Party/FatFs/src/ff.o
                0x08010c3a                f_write
 .text.f_sync   0x08010f62       0xfc ./Muddlewares/Third_Party/FatFs/src/ff.o
                0x08010f62                f_sync
 .text.f_close  0x0801105e       0x54 ./Muddlewares/Third_Party/FatFs/src/ff.o
                0x0801105e                f_close
 .text.f_getfree
                0x080110b2      0x16a ./Muddlewares/Third_Party/FatFs/src/ff.o
                0x080110b2                f_getfree
 .text.FATFS_LinkDriverEx
                0x0801121c       0x98 ./Muddlewares/Third_Party/FatFs/src/ff_gen_drv.o
                0x0801121c                FATFS_LinkDriverEx
 .text.FATFS_LinkDriver
                0x080112b4       0x1e ./Muddlewares/Third_Party/FatFs/src/ff_gen_drv.o
                0x080112b4                FATFS_LinkDriver
 *fill*         0x080112d2        0x2 
 .text.FATFS_UnLinkDriverEx
                0x080112d4       0x70 ./Muddlewares/Third_Party/FatFs/src/ff_gen_drv.o
                0x080112d4                FATFS_UnLinkDriverEx
 .text.FATFS_UnLinkDriver
                0x08011344       0x1a ./Muddlewares/Third_Party/FatFs/src/ff_gen_drv.o
                0x08011344                FATFS_UnLinkDriver
 *fill*         0x0801135e        0x2 
 .text.MX_USB_HOST_Init
                0x08011360       0x4c ./USB_HOST/App/usb_host.o
                0x08011360                MX_USB_HOST_Init
 .text.MX_USB_HOST_Process
                0x080113ac       0x14 ./USB_HOST/App/usb_host.o
                0x080113ac                MX_USB_HOST_Process
 .text.USBH_UserProcess
                0x080113c0       0x5c ./USB_HOST/App/usb_host.o
 .text.HAL_HCD_SOF_Callback
                0x0801141c       0x1c ./USB_HOST/Target/usbh_conf.o
                0x0801141c                HAL_HCD_SOF_Callback
 .text.HAL_HCD_Connect_Callback
                0x08011438       0x1c ./USB_HOST/Target/usbh_conf.o
                0x08011438                HAL_HCD_Connect_Callback
 .text.HAL_HCD_Disconnect_Callback
                0x08011454       0x1c ./USB_HOST/Target/usbh_conf.o
                0x08011454                HAL_HCD_Disconnect_Callback
 .text.HAL_HCD_HC_NotifyURBChange_Callback
                0x08011470       0x1c ./USB_HOST/Target/usbh_conf.o
                0x08011470                HAL_HCD_HC_NotifyURBChange_Callback
 .text.HAL_HCD_PortEnabled_Callback
                0x0801148c       0x1c ./USB_HOST/Target/usbh_conf.o
                0x0801148c                HAL_HCD_PortEnabled_Callback
 .text.USBH_LL_Init
                0x080114a8       0x78 ./USB_HOST/Target/usbh_conf.o
                0x080114a8                USBH_LL_Init
 .text.USBH_LL_Start
                0x08011520       0x36 ./USB_HOST/Target/usbh_conf.o
                0x08011520                USBH_LL_Start
 .text.USBH_LL_Stop
                0x08011556       0x36 ./USB_HOST/Target/usbh_conf.o
                0x08011556                USBH_LL_Stop
 .text.USBH_LL_GetSpeed
                0x0801158c       0x4e ./USB_HOST/Target/usbh_conf.o
                0x0801158c                USBH_LL_GetSpeed
 .text.USBH_LL_ResetPort
                0x080115da       0x36 ./USB_HOST/Target/usbh_conf.o
                0x080115da                USBH_LL_ResetPort
 .text.USBH_LL_GetLastXferSize
                0x08011610       0x26 ./USB_HOST/Target/usbh_conf.o
                0x08011610                USBH_LL_GetLastXferSize
 .text.USBH_LL_OpenPipe
                0x08011636       0x5e ./USB_HOST/Target/usbh_conf.o
                0x08011636                USBH_LL_OpenPipe
 .text.USBH_LL_ClosePipe
                0x08011694       0x1a ./USB_HOST/Target/usbh_conf.o
                0x08011694                USBH_LL_ClosePipe
 .text.USBH_LL_SubmitURB
                0x080116ae       0x62 ./USB_HOST/Target/usbh_conf.o
                0x080116ae                USBH_LL_SubmitURB
 .text.USBH_LL_GetURBState
                0x08011710       0x26 ./USB_HOST/Target/usbh_conf.o
                0x08011710                USBH_LL_GetURBState
 .text.USBH_LL_DriverVBUS
                0x08011736       0x2e ./USB_HOST/Target/usbh_conf.o
                0x08011736                USBH_LL_DriverVBUS
 .text.USBH_LL_SetToggle
                0x08011764       0x66 ./USB_HOST/Target/usbh_conf.o
                0x08011764                USBH_LL_SetToggle
 .text.USBH_LL_GetToggle
                0x080117ca       0x66 ./USB_HOST/Target/usbh_conf.o
                0x080117ca                USBH_LL_GetToggle
 .text.USBH_Delay
                0x08011830       0x16 ./USB_HOST/Target/usbh_conf.o
                0x08011830                USBH_Delay
 *fill*         0x08011846        0x2 
 .text.USBH_Get_USB_Status
                0x08011848       0x58 ./USB_HOST/Target/usbh_conf.o
                0x08011848                USBH_Get_USB_Status
 .text.MX_DriverVbusFS
                0x080118a0       0x38 ./USB_HOST/Target/usbh_platform.o
                0x080118a0                MX_DriverVbusFS
 .text.malloc   0x080118d8       0x10 C:/ST/STM32CubeIDE_1.19.0/STM32CubeIDE/plugins/com.st.stm32cube.ide.mcu.externaltools.gnu-tools-for-stm32.13.3.rel1.win32_1.0.0.202411081344/tools/bin/../lib/gcc/arm-none-eabi/13.3.1/../../../../arm-none-eabi/lib/thumb/v8-m.main+fp/hard\libc_nano.a(libc_a-malloc.o)
                0x080118d8                malloc
 .text.free     0x080118e8       0x10 C:/ST/STM32CubeIDE_1.19.0/STM32CubeIDE/plugins/com.st.stm32cube.ide.mcu.externaltools.gnu-tools-for-stm32.13.3.rel1.win32_1.0.0.202411081344/tools/bin/../lib/gcc/arm-none-eabi/13.3.1/../../../../arm-none-eabi/lib/thumb/v8-m.main+fp/hard\libc_nano.a(libc_a-malloc.o)
                0x080118e8                free
 .text.sbrk_aligned
                0x080118f8       0x44 C:/ST/STM32CubeIDE_1.19.0/STM32CubeIDE/plugins/com.st.stm32cube.ide.mcu.externaltools.gnu-tools-for-stm32.13.3.rel1.win32_1.0.0.202411081344/tools/bin/../lib/gcc/arm-none-eabi/13.3.1/../../../../arm-none-eabi/lib/thumb/v8-m.main+fp/hard\libc_nano.a(libc_a-mallocr.o)
 .text._malloc_r
                0x0801193c      0x100 C:/ST/STM32CubeIDE_1.19.0/STM32CubeIDE/plugins/com.st.stm32cube.ide.mcu.externaltools.gnu-tools-for-stm32.13.3.rel1.win32_1.0.0.202411081344/tools/bin/../lib/gcc/arm-none-eabi/13.3.1/../../../../arm-none-eabi/lib/thumb/v8-m.main+fp/hard\libc_nano.a(libc_a-mallocr.o)
                0x0801193c                _malloc_r
 .text.__malloc_lock
                0x08011a3c        0xc C:/ST/STM32CubeIDE_1.19.0/STM32CubeIDE/plugins/com.st.stm32cube.ide.mcu.externaltools.gnu-tools-for-stm32.13.3.rel1.win32_1.0.0.202411081344/tools/bin/../lib/gcc/arm-none-eabi/13.3.1/../../../../arm-none-eabi/lib/thumb/v8-m.main+fp/hard\libc_nano.a(libc_a-mlock.o)
                0x08011a3c                __malloc_lock
 .text.__malloc_unlock
                0x08011a48        0xc C:/ST/STM32CubeIDE_1.19.0/STM32CubeIDE/plugins/com.st.stm32cube.ide.mcu.externaltools.gnu-tools-for-stm32.13.3.rel1.win32_1.0.0.202411081344/tools/bin/../lib/gcc/arm-none-eabi/13.3.1/../../../../arm-none-eabi/lib/thumb/v8-m.main+fp/hard\libc_nano.a(libc_a-mlock.o)
                0x08011a48                __malloc_unlock
 .text.std      0x08011a54       0x6c C:/ST/STM32CubeIDE_1.19.0/STM32CubeIDE/plugins/com.st.stm32cube.ide.mcu.externaltools.gnu-tools-for-stm32.13.3.rel1.win32_1.0.0.202411081344/tools/bin/../lib/gcc/arm-none-eabi/13.3.1/../../../../arm-none-eabi/lib/thumb/v8-m.main+fp/hard\libc_nano.a(libc_a-findfp.o)
 .text.stdio_exit_handler
                0x08011ac0       0x18 C:/ST/STM32CubeIDE_1.19.0/STM32CubeIDE/plugins/com.st.stm32cube.ide.mcu.externaltools.gnu-tools-for-stm32.13.3.rel1.win32_1.0.0.202411081344/tools/bin/../lib/gcc/arm-none-eabi/13.3.1/../../../../arm-none-eabi/lib/thumb/v8-m.main+fp/hard\libc_nano.a(libc_a-findfp.o)
 .text.cleanup_stdio
                0x08011ad8       0x40 C:/ST/STM32CubeIDE_1.19.0/STM32CubeIDE/plugins/com.st.stm32cube.ide.mcu.externaltools.gnu-tools-for-stm32.13.3.rel1.win32_1.0.0.202411081344/tools/bin/../lib/gcc/arm-none-eabi/13.3.1/../../../../arm-none-eabi/lib/thumb/v8-m.main+fp/hard\libc_nano.a(libc_a-findfp.o)
 .text.global_stdio_init.part.0
                0x08011b18       0x3c C:/ST/STM32CubeIDE_1.19.0/STM32CubeIDE/plugins/com.st.stm32cube.ide.mcu.externaltools.gnu-tools-for-stm32.13.3.rel1.win32_1.0.0.202411081344/tools/bin/../lib/gcc/arm-none-eabi/13.3.1/../../../../arm-none-eabi/lib/thumb/v8-m.main+fp/hard\libc_nano.a(libc_a-findfp.o)
 .text.__sfp_lock_acquire
                0x08011b54        0xc C:/ST/STM32CubeIDE_1.19.0/STM32CubeIDE/plugins/com.st.stm32cube.ide.mcu.externaltools.gnu-tools-for-stm32.13.3.rel1.win32_1.0.0.202411081344/tools/bin/../lib/gcc/arm-none-eabi/13.3.1/../../../../arm-none-eabi/lib/thumb/v8-m.main+fp/hard\libc_nano.a(libc_a-findfp.o)
                0x08011b54                __sfp_lock_acquire
 .text.__sfp_lock_release
                0x08011b60        0xc C:/ST/STM32CubeIDE_1.19.0/STM32CubeIDE/plugins/com.st.stm32cube.ide.mcu.externaltools.gnu-tools-for-stm32.13.3.rel1.win32_1.0.0.202411081344/tools/bin/../lib/gcc/arm-none-eabi/13.3.1/../../../../arm-none-eabi/lib/thumb/v8-m.main+fp/hard\libc_nano.a(libc_a-findfp.o)
                0x08011b60                __sfp_lock_release
 .text.__sinit  0x08011b6c       0x30 C:/ST/STM32CubeIDE_1.19.0/STM32CubeIDE/plugins/com.st.stm32cube.ide.mcu.externaltools.gnu-tools-for-stm32.13.3.rel1.win32_1.0.0.202411081344/tools/bin/../lib/gcc/arm-none-eabi/13.3.1/../../../../arm-none-eabi/lib/thumb/v8-m.main+fp/hard\libc_nano.a(libc_a-findfp.o)
                0x08011b6c                __sinit
 .text._fwalk_sglue
                0x08011b9c       0x3c C:/ST/STM32CubeIDE_1.19.0/STM32CubeIDE/plugins/com.st.stm32cube.ide.mcu.externaltools.gnu-tools-for-stm32.13.3.rel1.win32_1.0.0.202411081344/tools/bin/../lib/gcc/arm-none-eabi/13.3.1/../../../../arm-none-eabi/lib/thumb/v8-m.main+fp/hard\libc_nano.a(libc_a-fwalk.o)
                0x08011b9c                _fwalk_sglue
 .text.printf   0x08011bd8       0x24 C:/ST/STM32CubeIDE_1.19.0/STM32CubeIDE/plugins/com.st.stm32cube.ide.mcu.externaltools.gnu-tools-for-stm32.13.3.rel1.win32_1.0.0.202411081344/tools/bin/../lib/gcc/arm-none-eabi/13.3.1/../../../../arm-none-eabi/lib/thumb/v8-m.main+fp/hard\libc_nano.a(libc_a-printf.o)
                0x08011bd8                iprintf
                0x08011bd8                printf
 .text.putchar  0x08011bfc       0x10 C:/ST/STM32CubeIDE_1.19.0/STM32CubeIDE/plugins/com.st.stm32cube.ide.mcu.externaltools.gnu-tools-for-stm32.13.3.rel1.win32_1.0.0.202411081344/tools/bin/../lib/gcc/arm-none-eabi/13.3.1/../../../../arm-none-eabi/lib/thumb/v8-m.main+fp/hard\libc_nano.a(libc_a-putchar.o)
                0x08011bfc                putchar
 .text._puts_r  0x08011c0c       0xaa C:/ST/STM32CubeIDE_1.19.0/STM32CubeIDE/plugins/com.st.stm32cube.ide.mcu.externaltools.gnu-tools-for-stm32.13.3.rel1.win32_1.0.0.202411081344/tools/bin/../lib/gcc/arm-none-eabi/13.3.1/../../../../arm-none-eabi/lib/thumb/v8-m.main+fp/hard\libc_nano.a(libc_a-puts.o)
                0x08011c0c                _puts_r
 *fill*         0x08011cb6        0x2 
 .text.puts     0x08011cb8       0x10 C:/ST/STM32CubeIDE_1.19.0/STM32CubeIDE/plugins/com.st.stm32cube.ide.mcu.externaltools.gnu-tools-for-stm32.13.3.rel1.win32_1.0.0.202411081344/tools/bin/../lib/gcc/arm-none-eabi/13.3.1/../../../../arm-none-eabi/lib/thumb/v8-m.main+fp/hard\libc_nano.a(libc_a-puts.o)
                0x08011cb8                puts
 .text.__sread  0x08011cc8       0x22 C:/ST/STM32CubeIDE_1.19.0/STM32CubeIDE/plugins/com.st.stm32cube.ide.mcu.externaltools.gnu-tools-for-stm32.13.3.rel1.win32_1.0.0.202411081344/tools/bin/../lib/gcc/arm-none-eabi/13.3.1/../../../../arm-none-eabi/lib/thumb/v8-m.main+fp/hard\libc_nano.a(libc_a-stdio.o)
                0x08011cc8                __sread
 .text.__swrite
                0x08011cea       0x38 C:/ST/STM32CubeIDE_1.19.0/STM32CubeIDE/plugins/com.st.stm32cube.ide.mcu.externaltools.gnu-tools-for-stm32.13.3.rel1.win32_1.0.0.202411081344/tools/bin/../lib/gcc/arm-none-eabi/13.3.1/../../../../arm-none-eabi/lib/thumb/v8-m.main+fp/hard\libc_nano.a(libc_a-stdio.o)
                0x08011cea                __swrite
 .text.__sseek  0x08011d22       0x24 C:/ST/STM32CubeIDE_1.19.0/STM32CubeIDE/plugins/com.st.stm32cube.ide.mcu.externaltools.gnu-tools-for-stm32.13.3.rel1.win32_1.0.0.202411081344/tools/bin/../lib/gcc/arm-none-eabi/13.3.1/../../../../arm-none-eabi/lib/thumb/v8-m.main+fp/hard\libc_nano.a(libc_a-stdio.o)
                0x08011d22                __sseek
 .text.__sclose
                0x08011d46        0x8 C:/ST/STM32CubeIDE_1.19.0/STM32CubeIDE/plugins/com.st.stm32cube.ide.mcu.externaltools.gnu-tools-for-stm32.13.3.rel1.win32_1.0.0.202411081344/tools/bin/../lib/gcc/arm-none-eabi/13.3.1/../../../../arm-none-eabi/lib/thumb/v8-m.main+fp/hard\libc_nano.a(libc_a-stdio.o)
                0x08011d46                __sclose
 .text.__swbuf_r
                0x08011d4e       0x7c C:/ST/STM32CubeIDE_1.19.0/STM32CubeIDE/plugins/com.st.stm32cube.ide.mcu.externaltools.gnu-tools-for-stm32.13.3.rel1.win32_1.0.0.202411081344/tools/bin/../lib/gcc/arm-none-eabi/13.3.1/../../../../arm-none-eabi/lib/thumb/v8-m.main+fp/hard\libc_nano.a(libc_a-wbuf.o)
                0x08011d4e                __swbuf_r
 *fill*         0x08011dca        0x2 
 .text.__swsetup_r
                0x08011dcc       0xac C:/ST/STM32CubeIDE_1.19.0/STM32CubeIDE/plugins/com.st.stm32cube.ide.mcu.externaltools.gnu-tools-for-stm32.13.3.rel1.win32_1.0.0.202411081344/tools/bin/../lib/gcc/arm-none-eabi/13.3.1/../../../../arm-none-eabi/lib/thumb/v8-m.main+fp/hard\libc_nano.a(libc_a-wsetup.o)
                0x08011dcc                __swsetup_r
 .text.memset   0x08011e78       0x10 C:/ST/STM32CubeIDE_1.19.0/STM32CubeIDE/plugins/com.st.stm32cube.ide.mcu.externaltools.gnu-tools-for-stm32.13.3.rel1.win32_1.0.0.202411081344/tools/bin/../lib/gcc/arm-none-eabi/13.3.1/../../../../arm-none-eabi/lib/thumb/v8-m.main+fp/hard\libc_nano.a(libc_a-memset.o)
                0x08011e78                memset
 .text._close_r
                0x08011e88       0x20 C:/ST/STM32CubeIDE_1.19.0/STM32CubeIDE/plugins/com.st.stm32cube.ide.mcu.externaltools.gnu-tools-for-stm32.13.3.rel1.win32_1.0.0.202411081344/tools/bin/../lib/gcc/arm-none-eabi/13.3.1/../../../../arm-none-eabi/lib/thumb/v8-m.main+fp/hard\libc_nano.a(libc_a-closer.o)
                0x08011e88                _close_r
 .text._lseek_r
                0x08011ea8       0x24 C:/ST/STM32CubeIDE_1.19.0/STM32CubeIDE/plugins/com.st.stm32cube.ide.mcu.externaltools.gnu-tools-for-stm32.13.3.rel1.win32_1.0.0.202411081344/tools/bin/../lib/gcc/arm-none-eabi/13.3.1/../../../../arm-none-eabi/lib/thumb/v8-m.main+fp/hard\libc_nano.a(libc_a-lseekr.o)
                0x08011ea8                _lseek_r
 .text._read_r  0x08011ecc       0x24 C:/ST/STM32CubeIDE_1.19.0/STM32CubeIDE/plugins/com.st.stm32cube.ide.mcu.externaltools.gnu-tools-for-stm32.13.3.rel1.win32_1.0.0.202411081344/tools/bin/../lib/gcc/arm-none-eabi/13.3.1/../../../../arm-none-eabi/lib/thumb/v8-m.main+fp/hard\libc_nano.a(libc_a-readr.o)
                0x08011ecc                _read_r
 .text._sbrk_r  0x08011ef0       0x20 C:/ST/STM32CubeIDE_1.19.0/STM32CubeIDE/plugins/com.st.stm32cube.ide.mcu.externaltools.gnu-tools-for-stm32.13.3.rel1.win32_1.0.0.202411081344/tools/bin/../lib/gcc/arm-none-eabi/13.3.1/../../../../arm-none-eabi/lib/thumb/v8-m.main+fp/hard\libc_nano.a(libc_a-sbrkr.o)
                0x08011ef0                _sbrk_r
 .text._write_r
                0x08011f10       0x24 C:/ST/STM32CubeIDE_1.19.0/STM32CubeIDE/plugins/com.st.stm32cube.ide.mcu.externaltools.gnu-tools-for-stm32.13.3.rel1.win32_1.0.0.202411081344/tools/bin/../lib/gcc/arm-none-eabi/13.3.1/../../../../arm-none-eabi/lib/thumb/v8-m.main+fp/hard\libc_nano.a(libc_a-writer.o)
                0x08011f10                _write_r
 .text.__errno  0x08011f34        0xc C:/ST/STM32CubeIDE_1.19.0/STM32CubeIDE/plugins/com.st.stm32cube.ide.mcu.externaltools.gnu-tools-for-stm32.13.3.rel1.win32_1.0.0.202411081344/tools/bin/../lib/gcc/arm-none-eabi/13.3.1/../../../../arm-none-eabi/lib/thumb/v8-m.main+fp/hard\libc_nano.a(libc_a-errno.o)
                0x08011f34                __errno
 .text.__libc_init_array
                0x08011f40       0x48 C:/ST/STM32CubeIDE_1.19.0/STM32CubeIDE/plugins/com.st.stm32cube.ide.mcu.externaltools.gnu-tools-for-stm32.13.3.rel1.win32_1.0.0.202411081344/tools/bin/../lib/gcc/arm-none-eabi/13.3.1/../../../../arm-none-eabi/lib/thumb/v8-m.main+fp/hard\libc_nano.a(libc_a-init.o)
                0x08011f40                __libc_init_array
 .text.__retarget_lock_init_recursive
                0x08011f88        0x2 C:/ST/STM32CubeIDE_1.19.0/STM32CubeIDE/plugins/com.st.stm32cube.ide.mcu.externaltools.gnu-tools-for-stm32.13.3.rel1.win32_1.0.0.202411081344/tools/bin/../lib/gcc/arm-none-eabi/13.3.1/../../../../arm-none-eabi/lib/thumb/v8-m.main+fp/hard\libc_nano.a(libc_a-lock.o)
                0x08011f88                __retarget_lock_init_recursive
 .text.__retarget_lock_acquire_recursive
                0x08011f8a        0x2 C:/ST/STM32CubeIDE_1.19.0/STM32CubeIDE/plugins/com.st.stm32cube.ide.mcu.externaltools.gnu-tools-for-stm32.13.3.rel1.win32_1.0.0.202411081344/tools/bin/../lib/gcc/arm-none-eabi/13.3.1/../../../../arm-none-eabi/lib/thumb/v8-m.main+fp/hard\libc_nano.a(libc_a-lock.o)
                0x08011f8a                __retarget_lock_acquire_recursive
 .text.__retarget_lock_release_recursive
                0x08011f8c        0x2 C:/ST/STM32CubeIDE_1.19.0/STM32CubeIDE/plugins/com.st.stm32cube.ide.mcu.externaltools.gnu-tools-for-stm32.13.3.rel1.win32_1.0.0.202411081344/tools/bin/../lib/gcc/arm-none-eabi/13.3.1/../../../../arm-none-eabi/lib/thumb/v8-m.main+fp/hard\libc_nano.a(libc_a-lock.o)
                0x08011f8c                __retarget_lock_release_recursive
 .text.memcpy   0x08011f8e       0x1a C:/ST/STM32CubeIDE_1.19.0/STM32CubeIDE/plugins/com.st.stm32cube.ide.mcu.externaltools.gnu-tools-for-stm32.13.3.rel1.win32_1.0.0.202411081344/tools/bin/../lib/gcc/arm-none-eabi/13.3.1/../../../../arm-none-eabi/lib/thumb/v8-m.main+fp/hard\libc_nano.a(libc_a-memcpy-stub.o)
                0x08011f8e                memcpy
 .text._free_r  0x08011fa8       0x94 C:/ST/STM32CubeIDE_1.19.0/STM32CubeIDE/plugins/com.st.stm32cube.ide.mcu.externaltools.gnu-tools-for-stm32.13.3.rel1.win32_1.0.0.202411081344/tools/bin/../lib/gcc/arm-none-eabi/13.3.1/../../../../arm-none-eabi/lib/thumb/v8-m.main+fp/hard\libc_nano.a(libc_a-freer.o)
                0x08011fa8                _free_r
 .text.__sfputc_r
                0x0801203c       0x2e C:/ST/STM32CubeIDE_1.19.0/STM32CubeIDE/plugins/com.st.stm32cube.ide.mcu.externaltools.gnu-tools-for-stm32.13.3.rel1.win32_1.0.0.202411081344/tools/bin/../lib/gcc/arm-none-eabi/13.3.1/../../../../arm-none-eabi/lib/thumb/v8-m.main+fp/hard\libc_nano.a(libc_a-nano-vfprintf.o)
 .text.__sfputs_r
                0x0801206a       0x24 C:/ST/STM32CubeIDE_1.19.0/STM32CubeIDE/plugins/com.st.stm32cube.ide.mcu.externaltools.gnu-tools-for-stm32.13.3.rel1.win32_1.0.0.202411081344/tools/bin/../lib/gcc/arm-none-eabi/13.3.1/../../../../arm-none-eabi/lib/thumb/v8-m.main+fp/hard\libc_nano.a(libc_a-nano-vfprintf.o)
                0x0801206a                __sfputs_r
 *fill*         0x0801208e        0x2 
 .text._vfprintf_r
                0x08012090      0x230 C:/ST/STM32CubeIDE_1.19.0/STM32CubeIDE/plugins/com.st.stm32cube.ide.mcu.externaltools.gnu-tools-for-stm32.13.3.rel1.win32_1.0.0.202411081344/tools/bin/../lib/gcc/arm-none-eabi/13.3.1/../../../../arm-none-eabi/lib/thumb/v8-m.main+fp/hard\libc_nano.a(libc_a-nano-vfprintf.o)
                0x08012090                _vfprintf_r
                0x08012090                _vfiprintf_r
 .text._printf_common
                0x080122c0       0xe4 C:/ST/STM32CubeIDE_1.19.0/STM32CubeIDE/plugins/com.st.stm32cube.ide.mcu.externaltools.gnu-tools-for-stm32.13.3.rel1.win32_1.0.0.202411081344/tools/bin/../lib/gcc/arm-none-eabi/13.3.1/../../../../arm-none-eabi/lib/thumb/v8-m.main+fp/hard\libc_nano.a(libc_a-nano-vfprintf_i.o)
                0x080122c0                _printf_common
 .text._printf_i
                0x080123a4      0x23c C:/ST/STM32CubeIDE_1.19.0/STM32CubeIDE/plugins/com.st.stm32cube.ide.mcu.externaltools.gnu-tools-for-stm32.13.3.rel1.win32_1.0.0.202411081344/tools/bin/../lib/gcc/arm-none-eabi/13.3.1/../../../../arm-none-eabi/lib/thumb/v8-m.main+fp/hard\libc_nano.a(libc_a-nano-vfprintf_i.o)
                0x080123a4                _printf_i
 .text.__sflush_r
                0x080125e0      0x108 C:/ST/STM32CubeIDE_1.19.0/STM32CubeIDE/plugins/com.st.stm32cube.ide.mcu.externaltools.gnu-tools-for-stm32.13.3.rel1.win32_1.0.0.202411081344/tools/bin/../lib/gcc/arm-none-eabi/13.3.1/../../../../arm-none-eabi/lib/thumb/v8-m.main+fp/hard\libc_nano.a(libc_a-fflush.o)
                0x080125e0                __sflush_r
 .text._fflush_r
                0x080126e8       0x50 C:/ST/STM32CubeIDE_1.19.0/STM32CubeIDE/plugins/com.st.stm32cube.ide.mcu.externaltools.gnu-tools-for-stm32.13.3.rel1.win32_1.0.0.202411081344/tools/bin/../lib/gcc/arm-none-eabi/13.3.1/../../../../arm-none-eabi/lib/thumb/v8-m.main+fp/hard\libc_nano.a(libc_a-fflush.o)
                0x080126e8                _fflush_r
 .text.__swhatbuf_r
                0x08012738       0x4a C:/ST/STM32CubeIDE_1.19.0/STM32CubeIDE/plugins/com.st.stm32cube.ide.mcu.externaltools.gnu-tools-for-stm32.13.3.rel1.win32_1.0.0.202411081344/tools/bin/../lib/gcc/arm-none-eabi/13.3.1/../../../../arm-none-eabi/lib/thumb/v8-m.main+fp/hard\libc_nano.a(libc_a-makebuf.o)
                0x08012738                __swhatbuf_r
 .text.__smakebuf_r
                0x08012782       0x78 C:/ST/STM32CubeIDE_1.19.0/STM32CubeIDE/plugins/com.st.stm32cube.ide.mcu.externaltools.gnu-tools-for-stm32.13.3.rel1.win32_1.0.0.202411081344/tools/bin/../lib/gcc/arm-none-eabi/13.3.1/../../../../arm-none-eabi/lib/thumb/v8-m.main+fp/hard\libc_nano.a(libc_a-makebuf.o)
                0x08012782                __smakebuf_r
 .text._putc_r  0x080127fa       0x68 C:/ST/STM32CubeIDE_1.19.0/STM32CubeIDE/plugins/com.st.stm32cube.ide.mcu.externaltools.gnu-tools-for-stm32.13.3.rel1.win32_1.0.0.202411081344/tools/bin/../lib/gcc/arm-none-eabi/13.3.1/../../../../arm-none-eabi/lib/thumb/v8-m.main+fp/hard\libc_nano.a(libc_a-putc.o)
                0x080127fa                _putc_r
 *fill*         0x08012862        0x2 
 .text._fstat_r
                0x08012864       0x24 C:/ST/STM32CubeIDE_1.19.0/STM32CubeIDE/plugins/com.st.stm32cube.ide.mcu.externaltools.gnu-tools-for-stm32.13.3.rel1.win32_1.0.0.202411081344/tools/bin/../lib/gcc/arm-none-eabi/13.3.1/../../../../arm-none-eabi/lib/thumb/v8-m.main+fp/hard\libc_nano.a(libc_a-fstatr.o)
                0x08012864                _fstat_r
 .text._isatty_r
                0x08012888       0x20 C:/ST/STM32CubeIDE_1.19.0/STM32CubeIDE/plugins/com.st.stm32cube.ide.mcu.externaltools.gnu-tools-for-stm32.13.3.rel1.win32_1.0.0.202411081344/tools/bin/../lib/gcc/arm-none-eabi/13.3.1/../../../../arm-none-eabi/lib/thumb/v8-m.main+fp/hard\libc_nano.a(libc_a-isattyr.o)
                0x08012888                _isatty_r
 .text.memchr   0x080128a8       0x1c C:/ST/STM32CubeIDE_1.19.0/STM32CubeIDE/plugins/com.st.stm32cube.ide.mcu.externaltools.gnu-tools-for-stm32.13.3.rel1.win32_1.0.0.202411081344/tools/bin/../lib/gcc/arm-none-eabi/13.3.1/../../../../arm-none-eabi/lib/thumb/v8-m.main+fp/hard\libc_nano.a(libc_a-memchr-stub.o)
                0x080128a8                memchr
 *(.glue_7)
 .glue_7        0x080128c4        0x0 linker stubs
 *(.glue_7t)
 .glue_7t       0x080128c4        0x0 linker stubs
 *(.eh_frame)
 .eh_frame      0x080128c4        0x0 C:/ST/STM32CubeIDE_1.19.0/STM32CubeIDE/plugins/com.st.stm32cube.ide.mcu.externaltools.gnu-tools-for-stm32.13.3.rel1.win32_1.0.0.202411081344/tools/bin/../lib/gcc/arm-none-eabi/13.3.1/thumb/v8-m.main+fp/hard/crtbegin.o
 *(.init)
 .init          0x080128c4        0x4 C:/ST/STM32CubeIDE_1.19.0/STM32CubeIDE/plugins/com.st.stm32cube.ide.mcu.externaltools.gnu-tools-for-stm32.13.3.rel1.win32_1.0.0.202411081344/tools/bin/../lib/gcc/arm-none-eabi/13.3.1/thumb/v8-m.main+fp/hard/crti.o
                0x080128c4                _init
 .init          0x080128c8        0x8 C:/ST/STM32CubeIDE_1.19.0/STM32CubeIDE/plugins/com.st.stm32cube.ide.mcu.externaltools.gnu-tools-for-stm32.13.3.rel1.win32_1.0.0.202411081344/tools/bin/../lib/gcc/arm-none-eabi/13.3.1/thumb/v8-m.main+fp/hard/crtn.o
 *(.fini)
 .fini          0x080128d0        0x4 C:/ST/STM32CubeIDE_1.19.0/STM32CubeIDE/plugins/com.st.stm32cube.ide.mcu.externaltools.gnu-tools-for-stm32.13.3.rel1.win32_1.0.0.202411081344/tools/bin/../lib/gcc/arm-none-eabi/13.3.1/thumb/v8-m.main+fp/hard/crti.o
                0x080128d0                _fini
 .fini          0x080128d4        0x8 C:/ST/STM32CubeIDE_1.19.0/STM32CubeIDE/plugins/com.st.stm32cube.ide.mcu.externaltools.gnu-tools-for-stm32.13.3.rel1.win32_1.0.0.202411081344/tools/bin/../lib/gcc/arm-none-eabi/13.3.1/thumb/v8-m.main+fp/hard/crtn.o
                0x080128dc                        _etext = .

.vfp11_veneer   0x080128dc        0x0
 .vfp11_veneer  0x080128dc        0x0 linker stubs

.v4_bx          0x080128dc        0x0
 .v4_bx         0x080128dc        0x0 linker stubs

.iplt           0x080128dc        0x0
 .iplt          0x080128dc        0x0 C:/ST/STM32CubeIDE_1.19.0/STM32CubeIDE/plugins/com.st.stm32cube.ide.mcu.externaltools.gnu-tools-for-stm32.13.3.rel1.win32_1.0.0.202411081344/tools/bin/../lib/gcc/arm-none-eabi/13.3.1/thumb/v8-m.main+fp/hard/crtbegin.o

.rodata         0x080128dc      0xa17
 *(.rodata)
 .rodata        0x080128dc       0xbd ./Core/Src/main.o
 *fill*         0x08012999        0x3 
 .rodata        0x0801299c       0x3d ./FATFS/Target/usbh_diskio.o
 *fill*         0x080129d9        0x3 
 .rodata        0x080129dc      0x194 ./Muddlewares/ST/STM32_USB_Host_Library/Class/MSC/Src/usbh_msc.o
 .rodata        0x08012b70       0x1e ./Muddlewares/ST/STM32_USB_Host_Library/Class/MSC/Src/usbh_msc_scsi.o
 *fill*         0x08012b8e        0x2 
 .rodata        0x08012b90      0x460 ./Muddlewares/ST/STM32_USB_Host_Library/Core/Src/usbh_core.o
 .rodata        0x08012ff0      0x101 ./Muddlewares/ST/STM32_USB_Host_Library/Core/Src/usbh_ctlreq.o
 *fill*         0x080130f1        0x3 
 .rodata        0x080130f4       0x44 ./Muddlewares/Third_Party/FatFs/src/ff.o
 *(.rodata*)
 .rodata.AHBPrescTable
                0x08013138       0x10 ./Core/Src/system_stm32u5xx.o
                0x08013138                AHBPrescTable
 .rodata.APBPrescTable
                0x08013148        0x8 ./Core/Src/system_stm32u5xx.o
                0x08013148                APBPrescTable
 .rodata.MSIRangeTable
                0x08013150       0x40 ./Core/Src/system_stm32u5xx.o
                0x08013150                MSIRangeTable
 .rodata.BUTTON_EXTI_LINE.2
                0x08013190        0x4 ./Drivers/BSP/STM32U5xx_Nucleo/stm32u5xx_nucleo.o
 .rodata.LPGPIO_Map
                0x08013194       0x80 ./Drivers/STM32U5xx_HAL_Driver/Src/stm32u5xx_hal_gpio.o
 .rodata.UARTPrescTable
                0x08013214       0x18 ./Drivers/STM32U5xx_HAL_Driver/Src/stm32u5xx_hal_uart.o
                0x08013214                UARTPrescTable
 .rodata.USBH_Driver
                0x0801322c       0x14 ./FATFS/Target/usbh_diskio.o
                0x0801322c                USBH_Driver
 .rodata.ExCvt  0x08013240       0x80 ./Muddlewares/Third_Party/FatFs/src/ff.o
 .rodata._vfprintf_r.str1.1
                0x080132c0       0x33 C:/ST/STM32CubeIDE_1.19.0/STM32CubeIDE/plugins/com.st.stm32cube.ide.mcu.externaltools.gnu-tools-for-stm32.13.3.rel1.win32_1.0.0.202411081344/tools/bin/../lib/gcc/arm-none-eabi/13.3.1/../../../../arm-none-eabi/lib/thumb/v8-m.main+fp/hard\libc_nano.a(libc_a-nano-vfprintf.o)
                                 0x11 (size before relaxing)
 .rodata._printf_i.str1.1
                0x080132f3       0x22 C:/ST/STM32CubeIDE_1.19.0/STM32CubeIDE/plugins/com.st.stm32cube.ide.mcu.externaltools.gnu-tools-for-stm32.13.3.rel1.win32_1.0.0.202411081344/tools/bin/../lib/gcc/arm-none-eabi/13.3.1/../../../../arm-none-eabi/lib/thumb/v8-m.main+fp/hard\libc_nano.a(libc_a-nano-vfprintf_i.o)

.ARM.extab
 *(.ARM.extab* .gnu.linkonce.armextab.*)

.ARM            0x080132f4        0x8
                0x080132f4                        __exidx_start = .
 *(.ARM.exidx*)
 .ARM.exidx     0x080132f4        0x8 C:/ST/STM32CubeIDE_1.19.0/STM32CubeIDE/plugins/com.st.stm32cube.ide.mcu.externaltools.gnu-tools-for-stm32.13.3.rel1.win32_1.0.0.202411081344/tools/bin/../lib/gcc/arm-none-eabi/13.3.1/thumb/v8-m.main+fp/hard\libgcc.a(_udivmoddi4.o)
                0x080132fc                        __exidx_end = .

.preinit_array  0x080132fc        0x0
                0x080132fc                        PROVIDE (__preinit_array_start = .)
 *(.preinit_array*)
                0x080132fc                        PROVIDE (__preinit_array_end = .)

.init_array     0x080132fc        0x4
                0x080132fc                        PROVIDE (__init_array_start = .)
 *(SORT_BY_NAME(.init_array.*))
 *(.init_array*)
 .init_array    0x080132fc        0x4 C:/ST/STM32CubeIDE_1.19.0/STM32CubeIDE/plugins/com.st.stm32cube.ide.mcu.externaltools.gnu-tools-for-stm32.13.3.rel1.win32_1.0.0.202411081344/tools/bin/../lib/gcc/arm-none-eabi/13.3.1/thumb/v8-m.main+fp/hard/crtbegin.o
                0x08013300                        PROVIDE (__init_array_end = .)

.fini_array     0x08013300        0x4
                [!provide]                        PROVIDE (__fini_array_start = .)
 *(SORT_BY_NAME(.fini_array.*))
 *(.fini_array*)
 .fini_array    0x08013300        0x4 C:/ST/STM32CubeIDE_1.19.0/STM32CubeIDE/plugins/com.st.stm32cube.ide.mcu.externaltools.gnu-tools-for-stm32.13.3.rel1.win32_1.0.0.202411081344/tools/bin/../lib/gcc/arm-none-eabi/13.3.1/thumb/v8-m.main+fp/hard/crtbegin.o
                [!provide]                        PROVIDE (__fini_array_end = .)
                0x08013304                        _sidata = LOADADDR (.data)

.rel.dyn        0x08013304        0x0
 .rel.iplt      0x08013304        0x0 C:/ST/STM32CubeIDE_1.19.0/STM32CubeIDE/plugins/com.st.stm32cube.ide.mcu.externaltools.gnu-tools-for-stm32.13.3.rel1.win32_1.0.0.202411081344/tools/bin/../lib/gcc/arm-none-eabi/13.3.1/thumb/v8-m.main+fp/hard/crtbegin.o

.data           0x20000000       0x9c load address 0x08013304
                0x20000000                        _sdata = .
 *(.data)
 *(.data*)
 .data.SystemCoreClock
                0x20000000        0x4 ./Core/Src/system_stm32u5xx.o
                0x20000000                SystemCoreClock
 .data.COM_USART
                0x20000004        0x4 ./Drivers/BSP/STM32U5xx_Nucleo/stm32u5xx_nucleo.o
                0x20000004                COM_USART
 .data.LED_PORT
                0x20000008        0x4 ./Drivers/BSP/STM32U5xx_Nucleo/stm32u5xx_nucleo.o
 .data.BUTTON_PORT
                0x2000000c        0x4 ./Drivers/BSP/STM32U5xx_Nucleo/stm32u5xx_nucleo.o
 .data.ButtonCallback.1
                0x20000010        0x4 ./Drivers/BSP/STM32U5xx_Nucleo/stm32u5xx_nucleo.o
 .data.BSP_BUTTON_PRIO.0
                0x20000014        0x4 ./Drivers/BSP/STM32U5xx_Nucleo/stm32u5xx_nucleo.o
 .data.uwTickPrio
                0x20000018        0x4 ./Drivers/STM32U5xx_HAL_Driver/Src/stm32u5xx_hal.o
                0x20000018                uwTickPrio
 .data.uwTickFreq
                0x2000001c        0x1 ./Drivers/STM32U5xx_HAL_Driver/Src/stm32u5xx_hal.o
                0x2000001c                uwTickFreq
 *fill*         0x2000001d        0x3 
 .data.USBH_msc
                0x20000020       0x20 ./Muddlewares/ST/STM32_USB_Host_Library/Class/MSC/Src/usbh_msc.o
                0x20000020                USBH_msc
 .data.__sglue  0x20000040        0xc C:/ST/STM32CubeIDE_1.19.0/STM32CubeIDE/plugins/com.st.stm32cube.ide.mcu.externaltools.gnu-tools-for-stm32.13.3.rel1.win32_1.0.0.202411081344/tools/bin/../lib/gcc/arm-none-eabi/13.3.1/../../../../arm-none-eabi/lib/thumb/v8-m.main+fp/hard\libc_nano.a(libc_a-findfp.o)
                0x20000040                __sglue
 .data._impure_ptr
                0x2000004c        0x4 C:/ST/STM32CubeIDE_1.19.0/STM32CubeIDE/plugins/com.st.stm32cube.ide.mcu.externaltools.gnu-tools-for-stm32.13.3.rel1.win32_1.0.0.202411081344/tools/bin/../lib/gcc/arm-none-eabi/13.3.1/../../../../arm-none-eabi/lib/thumb/v8-m.main+fp/hard\libc_nano.a(libc_a-impure.o)
                0x2000004c                _impure_ptr
 .data._impure_data
                0x20000050       0x4c C:/ST/STM32CubeIDE_1.19.0/STM32CubeIDE/plugins/com.st.stm32cube.ide.mcu.externaltools.gnu-tools-for-stm32.13.3.rel1.win32_1.0.0.202411081344/tools/bin/../lib/gcc/arm-none-eabi/13.3.1/../../../../arm-none-eabi/lib/thumb/v8-m.main+fp/hard\libc_nano.a(libc_a-impure.o)
                0x20000050                _impure_data
 *(.RamFunc)
 *(.RamFunc*)
                0x2000009c                        _edata = .

.igot.plt       0x2000009c        0x0 load address 0x080133a0
 .igot.plt      0x2000009c        0x0 C:/ST/STM32CubeIDE_1.19.0/STM32CubeIDE/plugins/com.st.stm32cube.ide.mcu.externaltools.gnu-tools-for-stm32.13.3.rel1.win32_1.0.0.202411081344/tools/bin/../lib/gcc/arm-none-eabi/13.3.1/thumb/v8-m.main+fp/hard/crtbegin.o

.bss            0x2000009c      0x9a2 load address 0x080133a0
                0x2000009c                        _sbss = .
                0x2000009c                        __bss_start__ = _sbss
 *(.bss)
 .bss           0x2000009c       0x1c C:/ST/STM32CubeIDE_1.19.0/STM32CubeIDE/plugins/com.st.stm32cube.ide.mcu.externaltools.gnu-tools-for-stm32.13.3.rel1.win32_1.0.0.202411081344/tools/bin/../lib/gcc/arm-none-eabi/13.3.1/thumb/v8-m.main+fp/hard/crtbegin.o
 *(.bss*)
 .bss.BspCOMInit
                0x200000b8       0x10 ./Core/Src/main.o
                0x200000b8                BspCOMInit
 .bss.hhcd_USB_DRD_FS
                0x200000c8      0x364 ./Core/Src/main.o
                0x200000c8                hhcd_USB_DRD_FS
 .bss.USBWriteOpEnable
                0x2000042c        0x1 ./Core/Src/main.o
                0x2000042c                USBWriteOpEnable
 *fill*         0x2000042d        0x3 
 .bss.__sbrk_heap_end
                0x20000430        0x4 ./Core/Src/sysmem.o
 .bss.hpb_exti  0x20000434        0xc ./Drivers/BSP/STM32U5xx_Nucleo/stm32u5xx_nucleo.o
                0x20000434                hpb_exti
 .bss.hcom_uart
                0x20000440       0x94 ./Drivers/BSP/STM32U5xx_Nucleo/stm32u5xx_nucleo.o
                0x20000440                hcom_uart
 .bss.COM_ActiveLogPort
                0x200004d4        0x1 ./Drivers/BSP/STM32U5xx_Nucleo/stm32u5xx_nucleo.o
 *fill*         0x200004d5        0x3 
 .bss.uwTick    0x200004d8        0x4 ./Drivers/STM32U5xx_HAL_Driver/Src/stm32u5xx_hal.o
                0x200004d8                uwTick
 .bss.retUSBH   0x200004dc        0x1 ./FATFS/App/fatfs.o
                0x200004dc                retUSBH
 *fill*         0x200004dd        0x3 
 .bss.USBHPath  0x200004e0        0x4 ./FATFS/App/fatfs.o
                0x200004e0                USBHPath
 .bss.FatFs     0x200004e4        0x4 ./Muddlewares/Third_Party/FatFs/src/ff.o
 .bss.Fsid      0x200004e8        0x2 ./Muddlewares/Third_Party/FatFs/src/ff.o
 *fill*         0x200004ea        0x2 
 .bss.Files     0x200004ec       0x20 ./Muddlewares/Third_Party/FatFs/src/ff.o
 .bss.disk      0x2000050c        0xc ./Muddlewares/Third_Party/FatFs/src/ff_gen_drv.o
                0x2000050c                disk
 .bss.hUsbHostFS
                0x20000518      0x3d8 ./USB_HOST/App/usb_host.o
                0x20000518                hUsbHostFS
 .bss.Appli_state
                0x200008f0        0x1 ./USB_HOST/App/usb_host.o
                0x200008f0                Appli_state
 *fill*         0x200008f1        0x3 
 .bss.__malloc_sbrk_start
                0x200008f4        0x4 C:/ST/STM32CubeIDE_1.19.0/STM32CubeIDE/plugins/com.st.stm32cube.ide.mcu.externaltools.gnu-tools-for-stm32.13.3.rel1.win32_1.0.0.202411081344/tools/bin/../lib/gcc/arm-none-eabi/13.3.1/../../../../arm-none-eabi/lib/thumb/v8-m.main+fp/hard\libc_nano.a(libc_a-mallocr.o)
                0x200008f4                __malloc_sbrk_start
 .bss.__malloc_free_list
                0x200008f8        0x4 C:/ST/STM32CubeIDE_1.19.0/STM32CubeIDE/plugins/com.st.stm32cube.ide.mcu.externaltools.gnu-tools-for-stm32.13.3.rel1.win32_1.0.0.202411081344/tools/bin/../lib/gcc/arm-none-eabi/13.3.1/../../../../arm-none-eabi/lib/thumb/v8-m.main+fp/hard\libc_nano.a(libc_a-mallocr.o)
                0x200008f8                __malloc_free_list
 .bss.__sf      0x200008fc      0x138 C:/ST/STM32CubeIDE_1.19.0/STM32CubeIDE/plugins/com.st.stm32cube.ide.mcu.externaltools.gnu-tools-for-stm32.13.3.rel1.win32_1.0.0.202411081344/tools/bin/../lib/gcc/arm-none-eabi/13.3.1/../../../../arm-none-eabi/lib/thumb/v8-m.main+fp/hard\libc_nano.a(libc_a-findfp.o)
                0x200008fc                __sf
 .bss.__stdio_exit_handler
                0x20000a34        0x4 C:/ST/STM32CubeIDE_1.19.0/STM32CubeIDE/plugins/com.st.stm32cube.ide.mcu.externaltools.gnu-tools-for-stm32.13.3.rel1.win32_1.0.0.202411081344/tools/bin/../lib/gcc/arm-none-eabi/13.3.1/../../../../arm-none-eabi/lib/thumb/v8-m.main+fp/hard\libc_nano.a(libc_a-findfp.o)
                0x20000a34                __stdio_exit_handler
 .bss.errno     0x20000a38        0x4 C:/ST/STM32CubeIDE_1.19.0/STM32CubeIDE/plugins/com.st.stm32cube.ide.mcu.externaltools.gnu-tools-for-stm32.13.3.rel1.win32_1.0.0.202411081344/tools/bin/../lib/gcc/arm-none-eabi/13.3.1/../../../../arm-none-eabi/lib/thumb/v8-m.main+fp/hard\libc_nano.a(libc_a-reent.o)
                0x20000a38                errno
 .bss.__lock___malloc_recursive_mutex
                0x20000a3c        0x1 C:/ST/STM32CubeIDE_1.19.0/STM32CubeIDE/plugins/com.st.stm32cube.ide.mcu.externaltools.gnu-tools-for-stm32.13.3.rel1.win32_1.0.0.202411081344/tools/bin/../lib/gcc/arm-none-eabi/13.3.1/../../../../arm-none-eabi/lib/thumb/v8-m.main+fp/hard\libc_nano.a(libc_a-lock.o)
                0x20000a3c                __lock___malloc_recursive_mutex
 .bss.__lock___sfp_recursive_mutex
                0x20000a3d        0x1 C:/ST/STM32CubeIDE_1.19.0/STM32CubeIDE/plugins/com.st.stm32cube.ide.mcu.externaltools.gnu-tools-for-stm32.13.3.rel1.win32_1.0.0.202411081344/tools/bin/../lib/gcc/arm-none-eabi/13.3.1/../../../../arm-none-eabi/lib/thumb/v8-m.main+fp/hard\libc_nano.a(libc_a-lock.o)
                0x20000a3d                __lock___sfp_recursive_mutex
 *(COMMON)
                0x20000a3e                        _ebss = .
                0x20000a3e                        __bss_end__ = _ebss

._user_heap_stack
                0x20000a3e     0x1002 load address 0x080133a0
                0x20000a40                        . = ALIGN (0x8)
 *fill*         0x20000a3e        0x2 
                [!provide]                        PROVIDE (end = .)
                0x20000a40                        PROVIDE (_end = .)
                0x20001240                        . = (. + _Min_Heap_Size)
 *fill*         0x20000a40      0x800 
                0x20001a40                        . = (. + _Min_Stack_Size)
 *fill*         0x20001240      0x800 
                0x20001a40                        . = ALIGN (0x8)

/DISCARD/
 libc.a(*)
 libm.a(*)
 libgcc.a(*)

.ARM.attributes
                0x00000000       0x36
 *(.ARM.attributes)
 .ARM.attributes