../Drivers/STM32U5xx_HAL_Driver/Inc/stm32u5xx_hal_hcd.h:529:26:HCD_GET_CH_RX_CNT	32	static
../Drivers/STM32U5xx_HAL_Driver/Inc/stm32u5xx_hal_hcd.h:578:26:HCD_GET_CH_DBUF0_CNT	24	static
../Drivers/STM32U5xx_HAL_Driver/Inc/stm32u5xx_hal_hcd.h:598:26:HCD_GET_CH_DBUF1_CNT	24	static
../Drivers/STM32U5xx_HAL_Driver/Src/stm32u5xx_hal_hcd.c:2106:19:HAL_HCD_Init	24	static
../Drivers/STM32U5xx_HAL_Driver/Src/stm32u5xx_hal_hcd.c:2196:19:HAL_HCD_HC_Init	64	static
../Drivers/STM32U5xx_HAL_Driver/Src/stm32u5xx_hal_hcd.c:2434:19:HAL_HCD_HC_Close	16	static
../Drivers/STM32U5xx_HAL_Driver/Src/stm32u5xx_hal_hcd.c:2465:19:HAL_HCD_HC_Halt	24	static
../Drivers/STM32U5xx_HAL_Driver/Src/stm32u5xx_hal_hcd.c:2488:19:HAL_HCD_DeInit	24	static
../Drivers/STM32U5xx_HAL_Driver/Src/stm32u5xx_hal_hcd.c:2538:14:HAL_HCD_MspInit	16	static
../Drivers/STM32U5xx_HAL_Driver/Src/stm32u5xx_hal_hcd.c:2553:14:HAL_HCD_MspDeInit	16	static
../Drivers/STM32U5xx_HAL_Driver/Src/stm32u5xx_hal_hcd.c:2563:13:HAL_HCD_SuspendCallback	16	static
../Drivers/STM32U5xx_HAL_Driver/Src/stm32u5xx_hal_hcd.c:2574:13:HAL_HCD_ResumeCallback	16	static
../Drivers/STM32U5xx_HAL_Driver/Src/stm32u5xx_hal_hcd.c:2626:19:HAL_HCD_HC_SubmitRequest	16	static
../Drivers/STM32U5xx_HAL_Driver/Src/stm32u5xx_hal_hcd.c:2746:6:HAL_HCD_IRQHandler	24	static
../Drivers/STM32U5xx_HAL_Driver/Src/stm32u5xx_hal_hcd.c:2878:13:HAL_HCD_SOF_Callback	16	static
../Drivers/STM32U5xx_HAL_Driver/Src/stm32u5xx_hal_hcd.c:2893:13:HAL_HCD_Connect_Callback	16	static
../Drivers/STM32U5xx_HAL_Driver/Src/stm32u5xx_hal_hcd.c:2908:13:HAL_HCD_Disconnect_Callback	16	static
../Drivers/STM32U5xx_HAL_Driver/Src/stm32u5xx_hal_hcd.c:2922:13:HAL_HCD_PortEnabled_Callback	16	static
../Drivers/STM32U5xx_HAL_Driver/Src/stm32u5xx_hal_hcd.c:2936:13:HAL_HCD_PortDisabled_Callback	16	static
../Drivers/STM32U5xx_HAL_Driver/Src/stm32u5xx_hal_hcd.c:2961:13:HAL_HCD_HC_NotifyURBChange_Callback	16	static
../Drivers/STM32U5xx_HAL_Driver/Src/stm32u5xx_hal_hcd.c:3279:19:HAL_HCD_Start	24	static
../Drivers/STM32U5xx_HAL_Driver/Src/stm32u5xx_hal_hcd.c:3307:19:HAL_HCD_Stop	16	static
../Drivers/STM32U5xx_HAL_Driver/Src/stm32u5xx_hal_hcd.c:3331:19:HAL_HCD_Suspend	24	static
../Drivers/STM32U5xx_HAL_Driver/Src/stm32u5xx_hal_hcd.c:3355:19:HAL_HCD_Resume	16	static
../Drivers/STM32U5xx_HAL_Driver/Src/stm32u5xx_hal_hcd.c:3368:19:HAL_HCD_ResetPort	16	static
../Drivers/STM32U5xx_HAL_Driver/Src/stm32u5xx_hal_hcd.c:3389:19:HAL_HCD_ResumePort	16	static
../Drivers/STM32U5xx_HAL_Driver/Src/stm32u5xx_hal_hcd.c:3426:18:HAL_HCD_GetState	16	static
../Drivers/STM32U5xx_HAL_Driver/Src/stm32u5xx_hal_hcd.c:3445:21:HAL_HCD_HC_GetURBState	16	static
../Drivers/STM32U5xx_HAL_Driver/Src/stm32u5xx_hal_hcd.c:3458:10:HAL_HCD_HC_GetXferCount	16	static
../Drivers/STM32U5xx_HAL_Driver/Src/stm32u5xx_hal_hcd.c:3480:21:HAL_HCD_HC_GetState	16	static
../Drivers/STM32U5xx_HAL_Driver/Src/stm32u5xx_hal_hcd.c:3490:10:HAL_HCD_GetCurrentFrame	16	static
../Drivers/STM32U5xx_HAL_Driver/Src/stm32u5xx_hal_hcd.c:3504:10:HAL_HCD_GetCurrentSpeed	16	static
../Drivers/STM32U5xx_HAL_Driver/Src/stm32u5xx_hal_hcd.c:3518:19:HAL_HCD_HC_SetHubInfo	16	static
../Drivers/STM32U5xx_HAL_Driver/Src/stm32u5xx_hal_hcd.c:3535:19:HAL_HCD_HC_ClearHubInfo	16	static
../Drivers/STM32U5xx_HAL_Driver/Src/stm32u5xx_hal_hcd.c:3550:19:HAL_HCD_HC_Activate	24	static
../Drivers/STM32U5xx_HAL_Driver/Src/stm32u5xx_hal_hcd.c:3570:13:HCD_HC_OUT_BulkDb	96	static
../Drivers/STM32U5xx_HAL_Driver/Src/stm32u5xx_hal_hcd.c:3716:13:HCD_HC_IN_BulkDb	56	static
../Drivers/STM32U5xx_HAL_Driver/Src/stm32u5xx_hal_hcd.c:3806:20:HCD_HC_IN_ISO	40	static
../Drivers/STM32U5xx_HAL_Driver/Src/stm32u5xx_hal_hcd.c:3874:13:HCD_HC_IN_IRQHandler	64	static
../Drivers/STM32U5xx_HAL_Driver/Src/stm32u5xx_hal_hcd.c:4024:13:HCD_HC_OUT_IRQHandler	56	static
../Drivers/STM32U5xx_HAL_Driver/Src/stm32u5xx_hal_hcd.c:4216:13:HCD_Port_IRQHandler	24	static
../Drivers/STM32U5xx_HAL_Driver/Src/stm32u5xx_hal_hcd.c:4295:16:HAL_HCD_Check_usedChannel	24	static
../Drivers/STM32U5xx_HAL_Driver/Src/stm32u5xx_hal_hcd.c:4329:16:HAL_HCD_GetLogical_Channel	16	static
../Drivers/STM32U5xx_HAL_Driver/Src/stm32u5xx_hal_hcd.c:4377:16:HAL_HCD_Get_FreePhyChannel	24	static
../Drivers/STM32U5xx_HAL_Driver/Src/stm32u5xx_hal_hcd.c:4487:14:HAL_HCD_ClearPhyChannel	24	static
../Drivers/STM32U5xx_HAL_Driver/Src/stm32u5xx_hal_hcd.c:4520:17:HAL_HCD_GetFreePMA	40	static
../Drivers/STM32U5xx_HAL_Driver/Src/stm32u5xx_hal_hcd.c:4627:20:HAL_HCD_PMAlloc	32	static
../Drivers/STM32U5xx_HAL_Driver/Src/stm32u5xx_hal_hcd.c:4731:20:HAL_HCD_PMADeAlloc	24	static
../Drivers/STM32U5xx_HAL_Driver/Src/stm32u5xx_hal_hcd.c:4780:20:HAL_HCD_PMAReset	24	static
../Drivers/STM32U5xx_HAL_Driver/Src/stm32u5xx_hal_hcd.c:4804:27:HAL_HCD_PMAFree	40	static
